Archive member included to satisfy reference by file (symbol)

motor/libmotor_lib.a(motor.c.obj)
                              main/CMakeFiles/main.dir/main.c.obj (init_motor)
barcode/libbarcode_lib.a(barcode.c.obj)
                              main/CMakeFiles/main.dir/main.c.obj (init_barcode)
c:/progra~1/raspbe~1/picosd~1.1/gcc-ar~1/bin/../lib/gcc/arm-none-eabi/10.3.1/thumb/v6-m/nofp\libgcc.a(_dvmd_tls.o)
                              main/CMakeFiles/main.dir/C_/Program_Files/Raspberry_Pi/Pico_SDK_v1.5.1/pico-sdk/src/rp2_common/pico_divider/divider.S.obj (__aeabi_idiv0)
c:/progra~1/raspbe~1/picosd~1.1/gcc-ar~1/bin/../lib/gcc/arm-none-eabi/10.3.1/../../../../arm-none-eabi/lib/thumb/v6-m/nofp\libg.a(lib_a-calloc.o)
                              main/CMakeFiles/main.dir/C_/Program_Files/Raspberry_Pi/Pico_SDK_v1.5.1/pico-sdk/src/rp2_common/pico_malloc/pico_malloc.c.obj (calloc)
c:/progra~1/raspbe~1/picosd~1.1/gcc-ar~1/bin/../lib/gcc/arm-none-eabi/10.3.1/../../../../arm-none-eabi/lib/thumb/v6-m/nofp\libg.a(lib_a-callocr.o)
                              c:/progra~1/raspbe~1/picosd~1.1/gcc-ar~1/bin/../lib/gcc/arm-none-eabi/10.3.1/../../../../arm-none-eabi/lib/thumb/v6-m/nofp\libg.a(lib_a-calloc.o) (_calloc_r)
c:/progra~1/raspbe~1/picosd~1.1/gcc-ar~1/bin/../lib/gcc/arm-none-eabi/10.3.1/../../../../arm-none-eabi/lib/thumb/v6-m/nofp\libg.a(lib_a-errno.o)
                              c:/progra~1/raspbe~1/picosd~1.1/gcc-ar~1/bin/../lib/gcc/arm-none-eabi/10.3.1/../../../../arm-none-eabi/lib/thumb/v6-m/nofp\libg.a(lib_a-callocr.o) (__errno)
c:/progra~1/raspbe~1/picosd~1.1/gcc-ar~1/bin/../lib/gcc/arm-none-eabi/10.3.1/../../../../arm-none-eabi/lib/thumb/v6-m/nofp\libg.a(lib_a-fflush.o)
                              barcode/libbarcode_lib.a(barcode.c.obj) (fflush)
c:/progra~1/raspbe~1/picosd~1.1/gcc-ar~1/bin/../lib/gcc/arm-none-eabi/10.3.1/../../../../arm-none-eabi/lib/thumb/v6-m/nofp\libg.a(lib_a-findfp.o)
                              c:/progra~1/raspbe~1/picosd~1.1/gcc-ar~1/bin/../lib/gcc/arm-none-eabi/10.3.1/../../../../arm-none-eabi/lib/thumb/v6-m/nofp\libg.a(lib_a-fflush.o) (__sinit)
c:/progra~1/raspbe~1/picosd~1.1/gcc-ar~1/bin/../lib/gcc/arm-none-eabi/10.3.1/../../../../arm-none-eabi/lib/thumb/v6-m/nofp\libg.a(lib_a-freer.o)
                              c:/progra~1/raspbe~1/picosd~1.1/gcc-ar~1/bin/../lib/gcc/arm-none-eabi/10.3.1/../../../../arm-none-eabi/lib/thumb/v6-m/nofp\libg.a(lib_a-fflush.o) (_free_r)
c:/progra~1/raspbe~1/picosd~1.1/gcc-ar~1/bin/../lib/gcc/arm-none-eabi/10.3.1/../../../../arm-none-eabi/lib/thumb/v6-m/nofp\libg.a(lib_a-fwalk.o)
                              c:/progra~1/raspbe~1/picosd~1.1/gcc-ar~1/bin/../lib/gcc/arm-none-eabi/10.3.1/../../../../arm-none-eabi/lib/thumb/v6-m/nofp\libg.a(lib_a-findfp.o) (_fwalk)
c:/progra~1/raspbe~1/picosd~1.1/gcc-ar~1/bin/../lib/gcc/arm-none-eabi/10.3.1/../../../../arm-none-eabi/lib/thumb/v6-m/nofp\libg.a(lib_a-impure.o)
                              c:/progra~1/raspbe~1/picosd~1.1/gcc-ar~1/bin/../lib/gcc/arm-none-eabi/10.3.1/../../../../arm-none-eabi/lib/thumb/v6-m/nofp\libg.a(lib_a-fflush.o) (_global_impure_ptr)
c:/progra~1/raspbe~1/picosd~1.1/gcc-ar~1/bin/../lib/gcc/arm-none-eabi/10.3.1/../../../../arm-none-eabi/lib/thumb/v6-m/nofp\libg.a(lib_a-init.o)
                              c:/progra~1/raspbe~1/picosd~1.1/gcc-ar~1/bin/../lib/gcc/arm-none-eabi/10.3.1/../../../../arm-none-eabi/lib/thumb/v6-m/nofp/crt0.o (__libc_init_array)
c:/progra~1/raspbe~1/picosd~1.1/gcc-ar~1/bin/../lib/gcc/arm-none-eabi/10.3.1/../../../../arm-none-eabi/lib/thumb/v6-m/nofp\libg.a(lib_a-lock.o)
                              c:/progra~1/raspbe~1/picosd~1.1/gcc-ar~1/bin/../lib/gcc/arm-none-eabi/10.3.1/../../../../arm-none-eabi/lib/thumb/v6-m/nofp\libg.a(lib_a-findfp.o) (__retarget_lock_init_recursive)
c:/progra~1/raspbe~1/picosd~1.1/gcc-ar~1/bin/../lib/gcc/arm-none-eabi/10.3.1/../../../../arm-none-eabi/lib/thumb/v6-m/nofp\libg.a(lib_a-malloc.o)
                              main/CMakeFiles/main.dir/C_/Program_Files/Raspberry_Pi/Pico_SDK_v1.5.1/pico-sdk/src/rp2_common/pico_malloc/pico_malloc.c.obj (malloc)
c:/progra~1/raspbe~1/picosd~1.1/gcc-ar~1/bin/../lib/gcc/arm-none-eabi/10.3.1/../../../../arm-none-eabi/lib/thumb/v6-m/nofp\libg.a(lib_a-mallocr.o)
                              c:/progra~1/raspbe~1/picosd~1.1/gcc-ar~1/bin/../lib/gcc/arm-none-eabi/10.3.1/../../../../arm-none-eabi/lib/thumb/v6-m/nofp\libg.a(lib_a-callocr.o) (_malloc_r)
c:/progra~1/raspbe~1/picosd~1.1/gcc-ar~1/bin/../lib/gcc/arm-none-eabi/10.3.1/../../../../arm-none-eabi/lib/thumb/v6-m/nofp\libg.a(lib_a-mlock.o)
                              c:/progra~1/raspbe~1/picosd~1.1/gcc-ar~1/bin/../lib/gcc/arm-none-eabi/10.3.1/../../../../arm-none-eabi/lib/thumb/v6-m/nofp\libg.a(lib_a-freer.o) (__malloc_lock)
c:/progra~1/raspbe~1/picosd~1.1/gcc-ar~1/bin/../lib/gcc/arm-none-eabi/10.3.1/../../../../arm-none-eabi/lib/thumb/v6-m/nofp\libg.a(lib_a-realloc.o)
[...]
Memory Configuration

Name             Origin             Length             Attributes
FLASH            0x10000000         0x00200000         xr
RAM              0x20000000         0x00040000         xrw
SCRATCH_X        0x20040000         0x00001000         xrw
SCRATCH_Y        0x20041000         0x00001000         xrw
*default*        0x00000000         0xffffffff

Linker script and memory map

LOAD c:/progra~1/raspbe~1/picosd~1.1/gcc-ar~1/bin/../lib/gcc/arm-none-eabi/10.3.1/thumb/v6-m/nofp/crti.o
LOAD c:/progra~1/raspbe~1/picosd~1.1/gcc-ar~1/bin/../lib/gcc/arm-none-eabi/10.3.1/thumb/v6-m/nofp/crtbegin.o
LOAD c:/progra~1/raspbe~1/picosd~1.1/gcc-ar~1/bin/../lib/gcc/arm-none-eabi/10.3.1/../../../../arm-none-eabi/lib/thumb/v6-m/nofp/crt0.o

.flash_begin    0x10000000        0x0
                0x10000000                __flash_binary_start = .

.boot2          0x10000000      0x100
                0x10000000                __boot2_start__ = .
 *(.boot2)
 .boot2         0x10000000      0x100 C:\Users\azree\AppData\Local\Temp\cce2AzsV.o
                0x10000100                __boot2_end__ = .
                0x00000001                ASSERT (((__boot2_end__ - __boot2_start__) == 0x100), ERROR: Pico second stage bootloader must be 256 bytes in size)

.text           0x10000100     0x8210
                0x10000100                __logical_binary_start = .
 *(.vectors)
 .vectors       0x10000100       0xd4 main/CMakeFiles/main.dir/C_/Program_Files/Raspberry_Pi/Pico_SDK_v1.5.1/pico-sdk/src/rp2_common/pico_standard_link/crt0.S.obj
                0x10000100                __VECTOR_TABLE
                0x10000100                __vectors
                0x100001c0                isr_invalid
                0x100001c0                __default_isrs_start
                0x100001c2                isr_nmi
                0x100001c4                isr_hardfault
                0x100001c6                isr_svcall
                0x100001c8                isr_pendsv
                0x100001ca                isr_systick
                0x100001cc                isr_irq23
                0x100001cc                isr_irq18
                0x100001cc                isr_irq11
                0x100001cc                isr_irq28
                0x100001cc                isr_irq19
                0x100001cc                isr_irq0
                0x100001cc                isr_irq6
                0x100001cc                isr_irq5
                0x100001cc                isr_irq12
                0x100001cc                isr_irq22
                0x100001cc                isr_irq31
                0x100001cc                isr_irq17
                0x100001cc                isr_irq27
                0x100001cc                isr_irq30
                0x100001cc                isr_irq2
                0x100001cc                isr_irq10
                0x100001cc                isr_irq8
                0x100001cc                isr_irq24
                0x100001cc                isr_irq1
                0x100001cc                isr_irq7
                0x100001cc                isr_irq21
                0x100001cc                isr_irq20
                0x100001cc                isr_irq15
                0x100001cc                isr_irq25
                0x100001cc                isr_irq13
                0x100001cc                __unhandled_user_irq
                0x100001cc                isr_irq4
                0x100001cc                isr_irq16
                0x100001cc                isr_irq29
                0x100001cc                isr_irq26
                0x100001cc                __default_isrs_end
                0x100001cc                isr_irq3
                0x100001cc                isr_irq14
                0x100001cc                isr_irq9
                0x100001d2                unhandled_user_irq_num_in_r0
 *(.binary_info_header)
 .binary_info_header
                0x100001d4       0x14 main/CMakeFiles/main.dir/C_/Program_Files/Raspberry_Pi/Pico_SDK_v1.5.1/pico-sdk/src/rp2_common/pico_standard_link/crt0.S.obj
                0x100001e8                __binary_info_header_end = .
 *(.reset)
 .reset         0x100001e8       0xa0 main/CMakeFiles/main.dir/C_/Program_Files/Raspberry_Pi/Pico_SDK_v1.5.1/pico-sdk/src/rp2_common/pico_standard_link/crt0.S.obj
                0x100001e8                _entry_point
 .reset         0x10000288       0x30 main/CMakeFiles/main.dir/C_/Program_Files/Raspberry_Pi/Pico_SDK_v1.5.1/pico-sdk/src/rp2_common/pico_standard_link/binary_info.c.obj
 *(.init)
 .init          0x100002b8        0x4 c:/progra~1/raspbe~1/picosd~1.1/gcc-ar~1/bin/../lib/gcc/arm-none-eabi/10.3.1/thumb/v6-m/nofp/crti.o
                0x100002b8                _init
 *(EXCLUDE_FILE(*libm.a: *libc.a:*lib_a-mem*.o *libgcc.a:) .text*)
 .text          0x100002bc       0x48 c:/progra~1/raspbe~1/picosd~1.1/gcc-ar~1/bin/../lib/gcc/arm-none-eabi/10.3.1/thumb/v6-m/nofp/crtbegin.o
 .text.get_absolute_time
                0x10000304       0x2c main/CMakeFiles/main.dir/main.c.obj
 .text.initAll  0x10000330       0x24 main/CMakeFiles/main.dir/main.c.obj
                0x10000330                initAll
 .text.main     0x10000354       0xb8 main/CMakeFiles/main.dir/main.c.obj
                0x10000354                main
 .text.gpio_set_function
                0x1000040c       0x30 main/CMakeFiles/main.dir/C_/Program_Files/Raspberry_Pi/Pico_SDK_v1.5.1/pico-sdk/src/rp2_common/hardware_gpio/gpio.c.obj
                0x1000040c                gpio_set_function
 .text.gpio_set_pulls
                0x1000043c       0x34 main/CMakeFiles/main.dir/C_/Program_Files/Raspberry_Pi/Pico_SDK_v1.5.1/pico-sdk/src/rp2_common/hardware_gpio/gpio.c.obj
                0x1000043c                gpio_set_pulls
 .text.gpio_init
                0x10000470       0x16 main/CMakeFiles/main.dir/C_/Program_Files/Raspberry_Pi/Pico_SDK_v1.5.1/pico-sdk/src/rp2_common/hardware_gpio/gpio.c.obj
                0x10000470                gpio_init
 *fill*         0x10000486        0x2 
 .text.running_on_fpga
                0x10000488       0x14 main/CMakeFiles/main.dir/C_/Program_Files/Raspberry_Pi/Pico_SDK_v1.5.1/pico-sdk/src/rp2_common/pico_platform/platform.c.obj
                0x10000488                running_on_fpga
 .text.hw_claim_lock
                0x1000049c       0x18 main/CMakeFiles/main.dir/C_/Program_Files/Raspberry_Pi/Pico_SDK_v1.5.1/pico-sdk/src/rp2_common/hardware_claim/claim.c.obj
                0x1000049c                hw_claim_lock
 .text.hw_claim_unlock
                0x100004b4       0x14 main/CMakeFiles/main.dir/C_/Program_Files/Raspberry_Pi/Pico_SDK_v1.5.1/pico-sdk/src/rp2_common/hardware_claim/claim.c.obj
                0x100004b4                hw_claim_unlock
 .text.hw_claim_or_assert
                0x100004c8       0x32 main/CMakeFiles/main.dir/C_/Program_Files/Raspberry_Pi/Pico_SDK_v1.5.1/pico-sdk/src/rp2_common/hardware_claim/claim.c.obj
                0x100004c8                hw_claim_or_assert
 .text.hw_claim_unused_from_range
                0x100004fa       0x50 main/CMakeFiles/main.dir/C_/Program_Files/Raspberry_Pi/Pico_SDK_v1.5.1/pico-sdk/src/rp2_common/hardware_claim/claim.c.obj
                0x100004fa                hw_claim_unused_from_range
 *fill*         0x1000054a        0x2 
 .text.spin_locks_reset
                0x1000054c       0x20 main/CMakeFiles/main.dir/C_/Program_Files/Raspberry_Pi/Pico_SDK_v1.5.1/pico-sdk/src/rp2_common/hardware_sync/sync.c.obj
                0x1000054c                spin_locks_reset
 .text.next_striped_spin_lock_num
                0x1000056c       0x1c main/CMakeFiles/main.dir/C_/Program_Files/Raspberry_Pi/Pico_SDK_v1.5.1/pico-sdk/src/rp2_common/hardware_sync/sync.c.obj
                0x1000056c                next_striped_spin_lock_num
 .text.spin_lock_claim_unused
                0x10000588       0x20 main/CMakeFiles/main.dir/C_/Program_Files/Raspberry_Pi/Pico_SDK_v1.5.1/pico-sdk/src/rp2_common/hardware_sync/sync.c.obj
                0x10000588                spin_lock_claim_unused
 .text.set_raw_irq_handler_and_unlock
                0x100005a8       0x28 main/CMakeFiles/main.dir/C_/Program_Files/Raspberry_Pi/Pico_SDK_v1.5.1/pico-sdk/src/rp2_common/hardware_irq/irq.c.obj
 .text.make_branch
                0x100005d0       0x48 main/CMakeFiles/main.dir/C_/Program_Files/Raspberry_Pi/Pico_SDK_v1.5.1/pico-sdk/src/rp2_common/hardware_irq/irq.c.obj
 .text.insert_branch_and_link
                0x10000618       0x40 main/CMakeFiles/main.dir/C_/Program_Files/Raspberry_Pi/Pico_SDK_v1.5.1/pico-sdk/src/rp2_common/hardware_irq/irq.c.obj
 .text.irq_is_enabled
                0x10000658       0x18 main/CMakeFiles/main.dir/C_/Program_Files/Raspberry_Pi/Pico_SDK_v1.5.1/pico-sdk/src/rp2_common/hardware_irq/irq.c.obj
                0x10000658                irq_is_enabled
 .text.irq_set_mask_enabled
                0x10000670       0x20 main/CMakeFiles/main.dir/C_/Program_Files/Raspberry_Pi/Pico_SDK_v1.5.1/pico-sdk/src/rp2_common/hardware_irq/irq.c.obj
                0x10000670                irq_set_mask_enabled
 .text.irq_set_enabled
                0x10000690        0xe main/CMakeFiles/main.dir/C_/Program_Files/Raspberry_Pi/Pico_SDK_v1.5.1/pico-sdk/src/rp2_common/hardware_irq/irq.c.obj
                0x10000690                irq_set_enabled
 *fill*         0x1000069e        0x2 
 .text.irq_set_pending
                0x100006a0       0x10 main/CMakeFiles/main.dir/C_/Program_Files/Raspberry_Pi/Pico_SDK_v1.5.1/pico-sdk/src/rp2_common/hardware_irq/irq.c.obj
                0x100006a0                irq_set_pending
 .text.irq_get_vtable_handler
                0x100006b0       0x10 main/CMakeFiles/main.dir/C_/Program_Files/Raspberry_Pi/Pico_SDK_v1.5.1/pico-sdk/src/rp2_common/hardware_irq/irq.c.obj
                0x100006b0                irq_get_vtable_handler
 .text.irq_has_shared_handler
                0x100006c0       0x24 main/CMakeFiles/main.dir/C_/Program_Files/Raspberry_Pi/Pico_SDK_v1.5.1/pico-sdk/src/rp2_common/hardware_irq/irq.c.obj
                0x100006c0                irq_has_shared_handler
 .text.irq_set_exclusive_handler
                0x100006e4       0x54 main/CMakeFiles/main.dir/C_/Program_Files/Raspberry_Pi/Pico_SDK_v1.5.1/pico-sdk/src/rp2_common/hardware_irq/irq.c.obj
                0x100006e4                irq_set_exclusive_handler
 .text.irq_add_shared_handler
                0x10000738      0x234 main/CMakeFiles/main.dir/C_/Program_Files/Raspberry_Pi/Pico_SDK_v1.5.1/pico-sdk/src/rp2_common/hardware_irq/irq.c.obj
                0x10000738                irq_add_shared_handler
 .text.irq_remove_handler
                0x1000096c      0x1ac main/CMakeFiles/main.dir/C_/Program_Files/Raspberry_Pi/Pico_SDK_v1.5.1/pico-sdk/src/rp2_common/hardware_irq/irq.c.obj
                0x1000096c                irq_remove_handler
 .text.irq_add_tail_to_free_list
                0x10000b18       0xf0 main/CMakeFiles/main.dir/C_/Program_Files/Raspberry_Pi/Pico_SDK_v1.5.1/pico-sdk/src/rp2_common/hardware_irq/irq.c.obj
                0x10000b18                irq_add_tail_to_free_list
 .text.irq_init_priorities
                0x10000c08       0x1c main/CMakeFiles/main.dir/C_/Program_Files/Raspberry_Pi/Pico_SDK_v1.5.1/pico-sdk/src/rp2_common/hardware_irq/irq.c.obj
                0x10000c08                irq_init_priorities
 .text.user_irq_claim_unused
                0x10000c24       0x28 main/CMakeFiles/main.dir/C_/Program_Files/Raspberry_Pi/Pico_SDK_v1.5.1/pico-sdk/src/rp2_common/hardware_irq/irq.c.obj
                0x10000c24                user_irq_claim_unused
 .text.lock_init
                0x10000c4c       0x10 main/CMakeFiles/main.dir/C_/Program_Files/Raspberry_Pi/Pico_SDK_v1.5.1/pico-sdk/src/common/pico_sync/lock_core.c.obj
                0x10000c4c                lock_init
 .text.mutex_init
                0x10000c5c       0x1a main/CMakeFiles/main.dir/C_/Program_Files/Raspberry_Pi/Pico_SDK_v1.5.1/pico-sdk/src/common/pico_sync/mutex.c.obj
                0x10000c5c                mutex_init
 .text.recursive_mutex_init
                0x10000c76       0x1e main/CMakeFiles/main.dir/C_/Program_Files/Raspberry_Pi/Pico_SDK_v1.5.1/pico-sdk/src/common/pico_sync/mutex.c.obj
                0x10000c76                recursive_mutex_init
 .text.critical_section_init_with_lock_num
                0x10000c94       0x14 main/CMakeFiles/main.dir/C_/Program_Files/Raspberry_Pi/Pico_SDK_v1.5.1/pico-sdk/src/common/pico_sync/critical_section.c.obj
                0x10000c94                critical_section_init_with_lock_num
 .text.critical_section_init
                0x10000ca8       0x14 main/CMakeFiles/main.dir/C_/Program_Files/Raspberry_Pi/Pico_SDK_v1.5.1/pico-sdk/src/common/pico_sync/critical_section.c.obj
                0x10000ca8                critical_section_init
 .text.alarm_pool_post_alloc_init
                0x10000cbc       0x40 main/CMakeFiles/main.dir/C_/Program_Files/Raspberry_Pi/Pico_SDK_v1.5.1/pico-sdk/src/common/pico_time/time.c.obj
 .text.sleep_until_callback
                0x10000cfc       0x30 main/CMakeFiles/main.dir/C_/Program_Files/Raspberry_Pi/Pico_SDK_v1.5.1/pico-sdk/src/common/pico_time/time.c.obj
 .text.timer_pool_entry_comparator
                0x10000d2c       0x7c main/CMakeFiles/main.dir/C_/Program_Files/Raspberry_Pi/Pico_SDK_v1.5.1/pico-sdk/src/common/pico_time/time.c.obj
                0x10000d2c                timer_pool_entry_comparator
 .text.ph_add_child_node
                0x10000da8       0xa4 main/CMakeFiles/main.dir/C_/Program_Files/Raspberry_Pi/Pico_SDK_v1.5.1/pico-sdk/src/common/pico_time/time.c.obj
 .text.ph_merge_nodes
                0x10000e4c       0x3e main/CMakeFiles/main.dir/C_/Program_Files/Raspberry_Pi/Pico_SDK_v1.5.1/pico-sdk/src/common/pico_time/time.c.obj
 *fill*         0x10000e8a        0x2 
 .text.add_alarm_under_lock
                0x10000e8c      0x174 main/CMakeFiles/main.dir/C_/Program_Files/Raspberry_Pi/Pico_SDK_v1.5.1/pico-sdk/src/common/pico_time/time.c.obj
 .text.alarm_pool_alarm_callback
                0x10001000      0x33c main/CMakeFiles/main.dir/C_/Program_Files/Raspberry_Pi/Pico_SDK_v1.5.1/pico-sdk/src/common/pico_time/time.c.obj
 .text.alarm_pool_init_default
                0x1000133c       0x40 main/CMakeFiles/main.dir/C_/Program_Files/Raspberry_Pi/Pico_SDK_v1.5.1/pico-sdk/src/common/pico_time/time.c.obj
                0x1000133c                alarm_pool_init_default
 .text.alarm_pool_get_default
                0x1000137c       0x2c main/CMakeFiles/main.dir/C_/Program_Files/Raspberry_Pi/Pico_SDK_v1.5.1/pico-sdk/src/common/pico_time/time.c.obj
                0x1000137c                alarm_pool_get_default
 .text.alarm_pool_add_alarm_at
                0x100013a8      0x168 main/CMakeFiles/main.dir/C_/Program_Files/Raspberry_Pi/Pico_SDK_v1.5.1/pico-sdk/src/common/pico_time/time.c.obj
                0x100013a8                alarm_pool_add_alarm_at
 .text.alarm_pool_cancel_alarm
                0x10001510       0xf8 main/CMakeFiles/main.dir/C_/Program_Files/Raspberry_Pi/Pico_SDK_v1.5.1/pico-sdk/src/common/pico_time/time.c.obj
                0x10001510                alarm_pool_cancel_alarm
 .text.alarm_pool_core_num
                0x10001608        0x4 main/CMakeFiles/main.dir/C_/Program_Files/Raspberry_Pi/Pico_SDK_v1.5.1/pico-sdk/src/common/pico_time/time.c.obj
                0x10001608                alarm_pool_core_num
 .text.sleep_until
                0x1000160c       0xfc main/CMakeFiles/main.dir/C_/Program_Files/Raspberry_Pi/Pico_SDK_v1.5.1/pico-sdk/src/common/pico_time/time.c.obj
                0x1000160c                sleep_until
 .text.sleep_us
                0x10001708       0x58 main/CMakeFiles/main.dir/C_/Program_Files/Raspberry_Pi/Pico_SDK_v1.5.1/pico-sdk/src/common/pico_time/time.c.obj
                0x10001708                sleep_us
 .text.sleep_ms
                0x10001760       0x14 main/CMakeFiles/main.dir/C_/Program_Files/Raspberry_Pi/Pico_SDK_v1.5.1/pico-sdk/src/common/pico_time/time.c.obj
                0x10001760                sleep_ms
 .text.best_effort_wfe_or_timeout
                0x10001774       0xac main/CMakeFiles/main.dir/C_/Program_Files/Raspberry_Pi/Pico_SDK_v1.5.1/pico-sdk/src/common/pico_time/time.c.obj
                0x10001774                best_effort_wfe_or_timeout
 .text.hardware_alarm_irq_handler
                0x10001820       0x90 main/CMakeFiles/main.dir/C_/Program_Files/Raspberry_Pi/Pico_SDK_v1.5.1/pico-sdk/src/rp2_common/hardware_timer/timer.c.obj
 .text.hardware_alarm_claim
                0x100018b0       0x18 main/CMakeFiles/main.dir/C_/Program_Files/Raspberry_Pi/Pico_SDK_v1.5.1/pico-sdk/src/rp2_common/hardware_timer/timer.c.obj
                0x100018b0                hardware_alarm_claim
 .text.time_us_64
                0x100018c8       0x18 main/CMakeFiles/main.dir/C_/Program_Files/Raspberry_Pi/Pico_SDK_v1.5.1/pico-sdk/src/rp2_common/hardware_timer/timer.c.obj
                0x100018c8                time_us_64
 .text.busy_wait_until
                0x100018e0       0x28 main/CMakeFiles/main.dir/C_/Program_Files/Raspberry_Pi/Pico_SDK_v1.5.1/pico-sdk/src/rp2_common/hardware_timer/timer.c.obj
                0x100018e0                busy_wait_until
 .text.busy_wait_us
                0x10001908       0x48 main/CMakeFiles/main.dir/C_/Program_Files/Raspberry_Pi/Pico_SDK_v1.5.1/pico-sdk/src/rp2_common/hardware_timer/timer.c.obj
                0x10001908                busy_wait_us
 .text.hardware_alarm_set_callback
                0x10001950       0x90 main/CMakeFiles/main.dir/C_/Program_Files/Raspberry_Pi/Pico_SDK_v1.5.1/pico-sdk/src/rp2_common/hardware_timer/timer.c.obj
                0x10001950                hardware_alarm_set_callback
 .text.hardware_alarm_set_target
                0x100019e0       0xe8 main/CMakeFiles/main.dir/C_/Program_Files/Raspberry_Pi/Pico_SDK_v1.5.1/pico-sdk/src/rp2_common/hardware_timer/timer.c.obj
                0x100019e0                hardware_alarm_set_target
 .text.hardware_alarm_cancel
                0x10001ac8       0x40 main/CMakeFiles/main.dir/C_/Program_Files/Raspberry_Pi/Pico_SDK_v1.5.1/pico-sdk/src/rp2_common/hardware_timer/timer.c.obj
                0x10001ac8                hardware_alarm_cancel
 .text.ph_add_child_node
                0x10001b08       0xa4 main/CMakeFiles/main.dir/C_/Program_Files/Raspberry_Pi/Pico_SDK_v1.5.1/pico-sdk/src/common/pico_util/pheap.c.obj
 .text.ph_merge_nodes
                0x10001bac       0x3e main/CMakeFiles/main.dir/C_/Program_Files/Raspberry_Pi/Pico_SDK_v1.5.1/pico-sdk/src/common/pico_util/pheap.c.obj
 *fill*         0x10001bea        0x2 
 .text.ph_clear
                0x10001bec       0x70 main/CMakeFiles/main.dir/C_/Program_Files/Raspberry_Pi/Pico_SDK_v1.5.1/pico-sdk/src/common/pico_util/pheap.c.obj
                0x10001bec                ph_clear
 .text.ph_post_alloc_init
                0x10001c5c        0xe main/CMakeFiles/main.dir/C_/Program_Files/Raspberry_Pi/Pico_SDK_v1.5.1/pico-sdk/src/common/pico_util/pheap.c.obj
                0x10001c5c                ph_post_alloc_init
 *fill*         0x10001c6a        0x2 
 .text.ph_merge_two_pass
                0x10001c6c       0xa8 main/CMakeFiles/main.dir/C_/Program_Files/Raspberry_Pi/Pico_SDK_v1.5.1/pico-sdk/src/common/pico_util/pheap.c.obj
                0x10001c6c                ph_merge_two_pass
 .text.ph_remove_any_head
                0x10001d14      0x128 main/CMakeFiles/main.dir/C_/Program_Files/Raspberry_Pi/Pico_SDK_v1.5.1/pico-sdk/src/common/pico_util/pheap.c.obj
 .text.ph_remove_head
                0x10001e3c       0x14 main/CMakeFiles/main.dir/C_/Program_Files/Raspberry_Pi/Pico_SDK_v1.5.1/pico-sdk/src/common/pico_util/pheap.c.obj
                0x10001e3c                ph_remove_head
 .text.ph_remove_and_free_node
                0x10001e50       0xf8 main/CMakeFiles/main.dir/C_/Program_Files/Raspberry_Pi/Pico_SDK_v1.5.1/pico-sdk/src/common/pico_util/pheap.c.obj
                0x10001e50                ph_remove_and_free_node
 .text.clock_configure
                0x10001f48      0x108 main/CMakeFiles/main.dir/C_/Program_Files/Raspberry_Pi/Pico_SDK_v1.5.1/pico-sdk/src/rp2_common/hardware_clocks/clocks.c.obj
                0x10001f48                clock_configure
 .text.clocks_init
                0x10002050      0x100 main/CMakeFiles/main.dir/C_/Program_Files/Raspberry_Pi/Pico_SDK_v1.5.1/pico-sdk/src/rp2_common/hardware_clocks/clocks.c.obj
                0x10002050                clocks_init
 .text.pll_init
                0x10002150      0x120 main/CMakeFiles/main.dir/C_/Program_Files/Raspberry_Pi/Pico_SDK_v1.5.1/pico-sdk/src/rp2_common/hardware_pll/pll.c.obj
                0x10002150                pll_init
 .text.watchdog_start_tick
                0x10002270       0x10 main/CMakeFiles/main.dir/C_/Program_Files/Raspberry_Pi/Pico_SDK_v1.5.1/pico-sdk/src/rp2_common/hardware_watchdog/watchdog.c.obj
                0x10002270                watchdog_start_tick
 .text.watchdog_update
                0x10002280       0x14 main/CMakeFiles/main.dir/C_/Program_Files/Raspberry_Pi/Pico_SDK_v1.5.1/pico-sdk/src/rp2_common/hardware_watchdog/watchdog.c.obj
                0x10002280                watchdog_update
 .text._watchdog_enable
                0x10002294       0x78 main/CMakeFiles/main.dir/C_/Program_Files/Raspberry_Pi/Pico_SDK_v1.5.1/pico-sdk/src/rp2_common/hardware_watchdog/watchdog.c.obj
                0x10002294                _watchdog_enable
 .text.watchdog_reboot
                0x1000230c       0x48 main/CMakeFiles/main.dir/C_/Program_Files/Raspberry_Pi/Pico_SDK_v1.5.1/pico-sdk/src/rp2_common/hardware_watchdog/watchdog.c.obj
                0x1000230c                watchdog_reboot
 .text.xosc_init
                0x10002354       0x28 main/CMakeFiles/main.dir/C_/Program_Files/Raspberry_Pi/Pico_SDK_v1.5.1/pico-sdk/src/rp2_common/hardware_xosc/xosc.c.obj
                0x10002354                xosc_init
 .text._exit    0x1000237c        0x4 main/CMakeFiles/main.dir/C_/Program_Files/Raspberry_Pi/Pico_SDK_v1.5.1/pico-sdk/src/rp2_common/pico_runtime/runtime.c.obj
                0x1000237c                _exit
 .text._sbrk    0x10002380       0x38 main/CMakeFiles/main.dir/C_/Program_Files/Raspberry_Pi/Pico_SDK_v1.5.1/pico-sdk/src/rp2_common/pico_runtime/runtime.c.obj
                0x10002380                _sbrk
 .text.exit     0x100023b8        0x6 main/CMakeFiles/main.dir/C_/Program_Files/Raspberry_Pi/Pico_SDK_v1.5.1/pico-sdk/src/rp2_common/pico_runtime/runtime.c.obj
                0x100023b8                exit
 *fill*         0x100023be        0x2 
 .text.__assert_func
                0x100023c0       0x3c main/CMakeFiles/main.dir/C_/Program_Files/Raspberry_Pi/Pico_SDK_v1.5.1/pico-sdk/src/rp2_common/pico_runtime/runtime.c.obj
                0x100023c0                __assert_func
 .text.runtime_init
                0x100023fc       0xf8 main/CMakeFiles/main.dir/C_/Program_Files/Raspberry_Pi/Pico_SDK_v1.5.1/pico-sdk/src/rp2_common/pico_runtime/runtime.c.obj
                0x100023fc                runtime_init
 .text.panic    0x100024f4       0x30 main/CMakeFiles/main.dir/C_/Program_Files/Raspberry_Pi/Pico_SDK_v1.5.1/pico-sdk/src/rp2_common/pico_runtime/runtime.c.obj
                0x100024f4                panic
 .text._out_null
                0x10002524        0x2 main/CMakeFiles/main.dir/C_/Program_Files/Raspberry_Pi/Pico_SDK_v1.5.1/pico-sdk/src/rp2_common/pico_printf/printf.c.obj
 .text._out_fct
                0x10002526        0xe main/CMakeFiles/main.dir/C_/Program_Files/Raspberry_Pi/Pico_SDK_v1.5.1/pico-sdk/src/rp2_common/pico_printf/printf.c.obj
 .text._atoi    0x10002534       0x24 main/CMakeFiles/main.dir/C_/Program_Files/Raspberry_Pi/Pico_SDK_v1.5.1/pico-sdk/src/rp2_common/pico_printf/printf.c.obj
 .text._out_rev
                0x10002558       0xae main/CMakeFiles/main.dir/C_/Program_Files/Raspberry_Pi/Pico_SDK_v1.5.1/pico-sdk/src/rp2_common/pico_printf/printf.c.obj
 .text._ntoa_format
                0x10002606      0x112 main/CMakeFiles/main.dir/C_/Program_Files/Raspberry_Pi/Pico_SDK_v1.5.1/pico-sdk/src/rp2_common/pico_printf/printf.c.obj
 .text._ntoa_long
                0x10002718       0xbc main/CMakeFiles/main.dir/C_/Program_Files/Raspberry_Pi/Pico_SDK_v1.5.1/pico-sdk/src/rp2_common/pico_printf/printf.c.obj
 .text._ntoa_long_long
                0x100027d4       0xe2 main/CMakeFiles/main.dir/C_/Program_Files/Raspberry_Pi/Pico_SDK_v1.5.1/pico-sdk/src/rp2_common/pico_printf/printf.c.obj
 *fill*         0x100028b6        0x2 
 .text._etoa    0x100028b8      0x414 main/CMakeFiles/main.dir/C_/Program_Files/Raspberry_Pi/Pico_SDK_v1.5.1/pico-sdk/src/rp2_common/pico_printf/printf.c.obj
 .text._ftoa    0x10002ccc      0x354 main/CMakeFiles/main.dir/C_/Program_Files/Raspberry_Pi/Pico_SDK_v1.5.1/pico-sdk/src/rp2_common/pico_printf/printf.c.obj
 .text._vsnprintf
                0x10003020      0x624 main/CMakeFiles/main.dir/C_/Program_Files/Raspberry_Pi/Pico_SDK_v1.5.1/pico-sdk/src/rp2_common/pico_printf/printf.c.obj
 .text.vfctprintf
                0x10003644       0x20 main/CMakeFiles/main.dir/C_/Program_Files/Raspberry_Pi/Pico_SDK_v1.5.1/pico-sdk/src/rp2_common/pico_printf/printf.c.obj
                0x10003644                vfctprintf
 .text          0x10003664       0x10 main/CMakeFiles/main.dir/C_/Program_Files/Raspberry_Pi/Pico_SDK_v1.5.1/pico-sdk/src/rp2_common/pico_bit_ops/bit_ops_aeabi.S.obj
 .text.rom_func_lookup
                0x10003674       0x10 main/CMakeFiles/main.dir/C_/Program_Files/Raspberry_Pi/Pico_SDK_v1.5.1/pico-sdk/src/rp2_common/pico_bootrom/bootrom.c.obj
                0x10003674                rom_func_lookup
 .text.rom_data_lookup
                0x10003684       0x10 main/CMakeFiles/main.dir/C_/Program_Files/Raspberry_Pi/Pico_SDK_v1.5.1/pico-sdk/src/rp2_common/pico_bootrom/bootrom.c.obj
                0x10003684                rom_data_lookup
 .text.rom_funcs_lookup
                0x10003694       0x36 main/CMakeFiles/main.dir/C_/Program_Files/Raspberry_Pi/Pico_SDK_v1.5.1/pico-sdk/src/rp2_common/pico_bootrom/bootrom.c.obj
                0x10003694                rom_funcs_lookup
 *fill*         0x100036ca        0x2 
 .text.__wrap___aeabi_idiv
                0x100036cc       0x50 main/CMakeFiles/main.dir/C_/Program_Files/Raspberry_Pi/Pico_SDK_v1.5.1/pico-sdk/src/rp2_common/pico_divider/divider.S.obj
                0x100036cc                __wrap___aeabi_idivmod
                0x100036cc                divmod_s32s32
                0x100036cc                div_s32s32
                0x100036cc                __wrap___aeabi_idiv
                0x100036d4                divmod_s32s32_unsafe
                0x10003700                divmod_s32s32_savestate
 .text.__wrap___aeabi_uidiv
                0x1000371c       0x4c main/CMakeFiles/main.dir/C_/Program_Files/Raspberry_Pi/Pico_SDK_v1.5.1/pico-sdk/src/rp2_common/pico_divider/divider.S.obj
                0x1000371c                __wrap___aeabi_uidiv
                0x1000371c                __wrap___aeabi_uidivmod
                0x1000371c                div_u32u32
                0x1000371c                divmod_u32u32
                0x10003724                divmod_u32u32_unsafe
                0x1000374c                divmod_u32u32_savestate
 .text.__wrap___aeabi_ldiv
                0x10003768      0x424 main/CMakeFiles/main.dir/C_/Program_Files/Raspberry_Pi/Pico_SDK_v1.5.1/pico-sdk/src/rp2_common/pico_divider/divider.S.obj
                0x10003768                div_s64s64
                0x10003768                divmod_s64s64
                0x10003768                __wrap___aeabi_ldivmod
                0x10003798                divmod_u64u64
                0x10003798                div_u64u64
                0x10003798                __wrap___aeabi_uldivmod
                0x100037a8                divmod_u64u64_savestate
                0x100037c8                divmod_s64s64_unsafe
                0x10003850                divmod_u64u64_unsafe
 .text.__wrap___aeabi_darithmetic
                0x10003b8c       0x80 main/CMakeFiles/main.dir/C_/Program_Files/Raspberry_Pi/Pico_SDK_v1.5.1/pico-sdk/src/rp2_common/pico_double/double_aeabi.S.obj
                0x10003b8c                __wrap___aeabi_drsub
                0x10003b92                __wrap___aeabi_dsub
                0x10003ba4                __wrap___aeabi_dadd
                0x10003bb6                __wrap___aeabi_ddiv
                0x10003bf2                __wrap___aeabi_dmul
 .text.__wrap___aeabi_cdcmple
                0x10003c0c       0x6c main/CMakeFiles/main.dir/C_/Program_Files/Raspberry_Pi/Pico_SDK_v1.5.1/pico-sdk/src/rp2_common/pico_double/double_aeabi.S.obj
                0x10003c0c                __wrap___aeabi_cdrcmple
                0x10003c1c                __wrap___aeabi_cdcmpeq
                0x10003c1c                __wrap___aeabi_cdcmple
 .text.__wrap___aeabi_dcmplt
                0x10003c78        0xc main/CMakeFiles/main.dir/C_/Program_Files/Raspberry_Pi/Pico_SDK_v1.5.1/pico-sdk/src/rp2_common/pico_double/double_aeabi.S.obj
                0x10003c78                __wrap___aeabi_dcmplt
 .text.__wrap___aeabi_dcmple
                0x10003c84       0x10 main/CMakeFiles/main.dir/C_/Program_Files/Raspberry_Pi/Pico_SDK_v1.5.1/pico-sdk/src/rp2_common/pico_double/double_aeabi.S.obj
                0x10003c84                __wrap___aeabi_dcmple
 .text.__wrap___aeabi_dcmpge
                0x10003c94       0x10 main/CMakeFiles/main.dir/C_/Program_Files/Raspberry_Pi/Pico_SDK_v1.5.1/pico-sdk/src/rp2_common/pico_double/double_aeabi.S.obj
                0x10003c94                __wrap___aeabi_dcmpge
 .text.__wrap___aeabi_dcmpgt
                0x10003ca4        0xa main/CMakeFiles/main.dir/C_/Program_Files/Raspberry_Pi/Pico_SDK_v1.5.1/pico-sdk/src/rp2_common/pico_double/double_aeabi.S.obj
                0x10003ca4                __wrap___aeabi_dcmpgt
 .text.__wrap___aeabi_dcmpun
                0x10003cae       0x1c main/CMakeFiles/main.dir/C_/Program_Files/Raspberry_Pi/Pico_SDK_v1.5.1/pico-sdk/src/rp2_common/pico_double/double_aeabi.S.obj
                0x10003cae                __wrap___aeabi_dcmpun
 *fill*         0x10003cca        0x2 
 .text.__wrap___aeabi_i2d
                0x10003ccc       0x38 main/CMakeFiles/main.dir/C_/Program_Files/Raspberry_Pi/Pico_SDK_v1.5.1/pico-sdk/src/rp2_common/pico_double/double_aeabi.S.obj
                0x10003ccc                __wrap___aeabi_ui2d
                0x10003cd4                __wrap___aeabi_i2d
 .text.__wrap___aeabi_d2iz
                0x10003d04       0x48 main/CMakeFiles/main.dir/C_/Program_Files/Raspberry_Pi/Pico_SDK_v1.5.1/pico-sdk/src/rp2_common/pico_double/double_aeabi.S.obj
                0x10003d04                double2int_z
                0x10003d04                __wrap___aeabi_d2iz
 .text.__wrap___aeabi_d2uiz
                0x10003d4c       0x18 main/CMakeFiles/main.dir/C_/Program_Files/Raspberry_Pi/Pico_SDK_v1.5.1/pico-sdk/src/rp2_common/pico_double/double_aeabi.S.obj
                0x10003d4c                __wrap___aeabi_d2uiz
                0x10003d4c                double2uint
 .text.__wrap___aeabi_l2d
                0x10003d64       0x18 main/CMakeFiles/main.dir/C_/Program_Files/Raspberry_Pi/Pico_SDK_v1.5.1/pico-sdk/src/rp2_common/pico_double/double_aeabi.S.obj
                0x10003d64                __wrap___aeabi_l2d
 .text.__wrap___aeabi_d2f
                0x10003d7c       0x18 main/CMakeFiles/main.dir/C_/Program_Files/Raspberry_Pi/Pico_SDK_v1.5.1/pico-sdk/src/rp2_common/pico_double/double_aeabi.S.obj
                0x10003d7c                __wrap___aeabi_d2f
 .text.__aeabi_double_init
                0x10003d94       0xc8 main/CMakeFiles/main.dir/C_/Program_Files/Raspberry_Pi/Pico_SDK_v1.5.1/pico-sdk/src/rp2_common/pico_double/double_init_rom.c.obj
                0x10003d94                __aeabi_double_init
 .text.double_table_shim_on_use_helper
                0x10003e5c       0x34 main/CMakeFiles/main.dir/C_/Program_Files/Raspberry_Pi/Pico_SDK_v1.5.1/pico-sdk/src/rp2_common/pico_double/double_v1_rom_shim.S.obj
                0x10003e5c                double_table_shim_on_use_helper
 .text.__wrap___aeabi_dsub
                0x10003e90       0x10 main/CMakeFiles/main.dir/C_/Program_Files/Raspberry_Pi/Pico_SDK_v1.5.1/pico-sdk/src/rp2_common/pico_double/double_v1_rom_shim.S.obj
                0x10003e90                drsub_shim
                0x10003e96                dsub_shim
 .text.dadd_shim
                0x10003ea0      0x15c main/CMakeFiles/main.dir/C_/Program_Files/Raspberry_Pi/Pico_SDK_v1.5.1/pico-sdk/src/rp2_common/pico_double/double_v1_rom_shim.S.obj
                0x10003ea0                dadd_shim
 .text.dmul_shim
                0x10003ffc      0x15c main/CMakeFiles/main.dir/C_/Program_Files/Raspberry_Pi/Pico_SDK_v1.5.1/pico-sdk/src/rp2_common/pico_double/double_v1_rom_shim.S.obj
                0x10003ffc                dmul_shim
 .text.ddiv_shim
                0x10004158      0x1b0 main/CMakeFiles/main.dir/C_/Program_Files/Raspberry_Pi/Pico_SDK_v1.5.1/pico-sdk/src/rp2_common/pico_double/double_v1_rom_shim.S.obj
                0x10004158                ddiv_shim
 .text.double2uint_shim
                0x10004308        0xe main/CMakeFiles/main.dir/C_/Program_Files/Raspberry_Pi/Pico_SDK_v1.5.1/pico-sdk/src/rp2_common/pico_double/double_v1_rom_shim.S.obj
                0x10004308                double2uint_shim
                0x1000430a                double2ufix_shim
 *fill*         0x10004316        0x2 
 .text.double2uint64_shim
                0x10004318       0x70 main/CMakeFiles/main.dir/C_/Program_Files/Raspberry_Pi/Pico_SDK_v1.5.1/pico-sdk/src/rp2_common/pico_double/double_v1_rom_shim.S.obj
                0x10004318                double2uint64_shim
                0x1000431a                double2ufix64_shim
                0x1000433a                d2fix_a
 .text.double2float_shim
                0x10004388       0x5c main/CMakeFiles/main.dir/C_/Program_Files/Raspberry_Pi/Pico_SDK_v1.5.1/pico-sdk/src/rp2_common/pico_double/double_v1_rom_shim.S.obj
                0x10004388                double2float_shim
 .text.x2double_shims
                0x100043e4       0x90 main/CMakeFiles/main.dir/C_/Program_Files/Raspberry_Pi/Pico_SDK_v1.5.1/pico-sdk/src/rp2_common/pico_double/double_v1_rom_shim.S.obj
                0x100043e4                uint2double_shim
                0x100043e6                ufix2double_shim
                0x100043ec                int2double_shim
                0x100043ee                fix2double_shim
                0x100043f4                uint642double_shim
                0x100043f6                ufix642double_shim
                0x100043fc                int642double_shim
                0x100043fe                fix642double_shim
 .text.dunpacks
                0x10004474       0x3c main/CMakeFiles/main.dir/C_/Program_Files/Raspberry_Pi/Pico_SDK_v1.5.1/pico-sdk/src/rp2_common/pico_double/double_v1_rom_shim.S.obj
                0x10004474                dunpacks
 .text.__aeabi_lmul
                0x100044b0       0x32 main/CMakeFiles/main.dir/C_/Program_Files/Raspberry_Pi/Pico_SDK_v1.5.1/pico-sdk/src/rp2_common/pico_int64_ops/pico_int64_ops_aeabi.S.obj
                0x100044b0                __wrap___aeabi_lmul
 *fill*         0x100044e2        0x2 
 .text.__wrap___aeabi_farithmetic
                0x100044e4       0x58 main/CMakeFiles/main.dir/C_/Program_Files/Raspberry_Pi/Pico_SDK_v1.5.1/pico-sdk/src/rp2_common/pico_float/float_aeabi.S.obj
                0x100044e4                __wrap___aeabi_frsub
                0x100044ea                __wrap___aeabi_fsub
                0x100044f4                __wrap___aeabi_fadd
                0x100044fe                __wrap___aeabi_fdiv
                0x1000452a                __wrap___aeabi_fmul
 .text.__wrap___aeabi_cfcmple
                0x1000453c       0x50 main/CMakeFiles/main.dir/C_/Program_Files/Raspberry_Pi/Pico_SDK_v1.5.1/pico-sdk/src/rp2_common/pico_float/float_aeabi.S.obj
                0x1000453c                __wrap___aeabi_cfrcmple
                0x10004548                __wrap___aeabi_cfcmple
                0x10004548                __wrap___aeabi_cfcmpeq
 .text.__wrap___aeabi_fcmpeq
                0x1000458c       0x10 main/CMakeFiles/main.dir/C_/Program_Files/Raspberry_Pi/Pico_SDK_v1.5.1/pico-sdk/src/rp2_common/pico_float/float_aeabi.S.obj
                0x1000458c                __wrap___aeabi_fcmpeq
 .text.__wrap___aeabi_fcmplt
                0x1000459c        0xc main/CMakeFiles/main.dir/C_/Program_Files/Raspberry_Pi/Pico_SDK_v1.5.1/pico-sdk/src/rp2_common/pico_float/float_aeabi.S.obj
                0x1000459c                __wrap___aeabi_fcmplt
 .text.__wrap___aeabi_fcmpgt
                0x100045a8        0xa main/CMakeFiles/main.dir/C_/Program_Files/Raspberry_Pi/Pico_SDK_v1.5.1/pico-sdk/src/rp2_common/pico_float/float_aeabi.S.obj
                0x100045a8                __wrap___aeabi_fcmpgt
 .text.__wrap___aeabi_ui2f
                0x100045b2        0xa main/CMakeFiles/main.dir/C_/Program_Files/Raspberry_Pi/Pico_SDK_v1.5.1/pico-sdk/src/rp2_common/pico_float/float_aeabi.S.obj
                0x100045b2                __wrap___aeabi_ui2f
 .text.__wrap___aeabi_i2f
                0x100045bc       0x44 main/CMakeFiles/main.dir/C_/Program_Files/Raspberry_Pi/Pico_SDK_v1.5.1/pico-sdk/src/rp2_common/pico_float/float_aeabi.S.obj
                0x100045bc                __wrap___aeabi_i2f
 .text.__wrap___aeabi_f2uiz
                0x10004600       0x10 main/CMakeFiles/main.dir/C_/Program_Files/Raspberry_Pi/Pico_SDK_v1.5.1/pico-sdk/src/rp2_common/pico_float/float_aeabi.S.obj
                0x10004600                __wrap___aeabi_f2uiz
 .text.__wrap___aeabi_f2d
                0x10004610       0x14 main/CMakeFiles/main.dir/C_/Program_Files/Raspberry_Pi/Pico_SDK_v1.5.1/pico-sdk/src/rp2_common/pico_float/float_aeabi.S.obj
                0x10004610                __wrap___aeabi_f2d
 .text.__aeabi_float_init
                0x10004624       0xfc main/CMakeFiles/main.dir/C_/Program_Files/Raspberry_Pi/Pico_SDK_v1.5.1/pico-sdk/src/rp2_common/pico_float/float_init_rom.c.obj
                0x10004624                __aeabi_float_init
 .text.float_table_shim_on_use_helper
                0x10004720       0x34 main/CMakeFiles/main.dir/C_/Program_Files/Raspberry_Pi/Pico_SDK_v1.5.1/pico-sdk/src/rp2_common/pico_float/float_v1_rom_shim.S.obj
                0x10004720                float_table_shim_on_use_helper
 .text.float2double_shim
                0x10004754       0x30 main/CMakeFiles/main.dir/C_/Program_Files/Raspberry_Pi/Pico_SDK_v1.5.1/pico-sdk/src/rp2_common/pico_float/float_v1_rom_shim.S.obj
                0x10004754                float2double_shim
 .text          0x10004784       0x10 main/CMakeFiles/main.dir/C_/Program_Files/Raspberry_Pi/Pico_SDK_v1.5.1/pico-sdk/src/rp2_common/pico_mem_ops/mem_ops_aeabi.S.obj
                0x10004784                __aeabi_mem_init
 .text.memset   0x10004794        0xc main/CMakeFiles/main.dir/C_/Program_Files/Raspberry_Pi/Pico_SDK_v1.5.1/pico-sdk/src/rp2_common/pico_mem_ops/mem_ops_aeabi.S.obj
                0x10004794                __wrap_memset
 .text.memcpy   0x100047a0        0xc main/CMakeFiles/main.dir/C_/Program_Files/Raspberry_Pi/Pico_SDK_v1.5.1/pico-sdk/src/rp2_common/pico_mem_ops/mem_ops_aeabi.S.obj
                0x100047a0                __wrap_memcpy
                0x100047a0                __wrap___aeabi_memcpy
 .text.stdio_out_chars_no_crlf
                0x100047ac        0xe main/CMakeFiles/main.dir/C_/Program_Files/Raspberry_Pi/Pico_SDK_v1.5.1/pico-sdk/src/rp2_common/pico_stdio/stdio.c.obj
 *fill*         0x100047ba        0x2 
 .text.stdio_out_chars_crlf
                0x100047bc       0x80 main/CMakeFiles/main.dir/C_/Program_Files/Raspberry_Pi/Pico_SDK_v1.5.1/pico-sdk/src/rp2_common/pico_stdio/stdio.c.obj
 .text.stdio_stack_buffer_flush
                0x1000483c       0x44 main/CMakeFiles/main.dir/C_/Program_Files/Raspberry_Pi/Pico_SDK_v1.5.1/pico-sdk/src/rp2_common/pico_stdio/stdio.c.obj
 .text.stdio_buffered_printer
                0x10004880       0x20 main/CMakeFiles/main.dir/C_/Program_Files/Raspberry_Pi/Pico_SDK_v1.5.1/pico-sdk/src/rp2_common/pico_stdio/stdio.c.obj
 .text.stdio_get_until
                0x100048a0       0x80 main/CMakeFiles/main.dir/C_/Program_Files/Raspberry_Pi/Pico_SDK_v1.5.1/pico-sdk/src/rp2_common/pico_stdio/stdio.c.obj
 .text.stdout_serialize_begin
                0x10004920       0x5c main/CMakeFiles/main.dir/C_/Program_Files/Raspberry_Pi/Pico_SDK_v1.5.1/pico-sdk/src/rp2_common/pico_stdio/stdio.c.obj
                0x10004920                stdout_serialize_begin
 .text.stdout_serialize_end
                0x1000497c       0x10 main/CMakeFiles/main.dir/C_/Program_Files/Raspberry_Pi/Pico_SDK_v1.5.1/pico-sdk/src/rp2_common/pico_stdio/stdio.c.obj
                0x1000497c                stdout_serialize_end
 .text.stdio_put_string
                0x1000498c       0x98 main/CMakeFiles/main.dir/C_/Program_Files/Raspberry_Pi/Pico_SDK_v1.5.1/pico-sdk/src/rp2_common/pico_stdio/stdio.c.obj
 .text._read    0x10004a24       0x24 main/CMakeFiles/main.dir/C_/Program_Files/Raspberry_Pi/Pico_SDK_v1.5.1/pico-sdk/src/rp2_common/pico_stdio/stdio.c.obj
                0x10004a24                _read
 .text._write   0x10004a48       0x22 main/CMakeFiles/main.dir/C_/Program_Files/Raspberry_Pi/Pico_SDK_v1.5.1/pico-sdk/src/rp2_common/pico_stdio/stdio.c.obj
                0x10004a48                _write
 .text._close   0x10004a6a        0x6 main/CMakeFiles/main.dir/C_/Program_Files/Raspberry_Pi/Pico_SDK_v1.5.1/pico-sdk/src/rp2_common/pico_stdio/stdio.c.obj
                0x10004a6a                _close
 .text._lseek   0x10004a70        0x6 main/CMakeFiles/main.dir/C_/Program_Files/Raspberry_Pi/Pico_SDK_v1.5.1/pico-sdk/src/rp2_common/pico_stdio/stdio.c.obj
                0x10004a70                _lseek
 *fill*         0x10004a76        0x2 
 .text.stdio_set_driver_enabled
                0x10004a78       0x2c main/CMakeFiles/main.dir/C_/Program_Files/Raspberry_Pi/Pico_SDK_v1.5.1/pico-sdk/src/rp2_common/pico_stdio/stdio.c.obj
                0x10004a78                stdio_set_driver_enabled
 .text.stdio_flush
                0x10004aa4       0x20 main/CMakeFiles/main.dir/C_/Program_Files/Raspberry_Pi/Pico_SDK_v1.5.1/pico-sdk/src/rp2_common/pico_stdio/stdio.c.obj
                0x10004aa4                stdio_flush
 .text.__wrap_puts
                0x10004ac4       0x1e main/CMakeFiles/main.dir/C_/Program_Files/Raspberry_Pi/Pico_SDK_v1.5.1/pico-sdk/src/rp2_common/pico_stdio/stdio.c.obj
                0x10004ac4                __wrap_puts
 *fill*         0x10004ae2        0x2 
 .text.__wrap_vprintf
                0x10004ae4       0x40 main/CMakeFiles/main.dir/C_/Program_Files/Raspberry_Pi/Pico_SDK_v1.5.1/pico-sdk/src/rp2_common/pico_stdio/stdio.c.obj
                0x10004ae4                __wrap_vprintf
 .text.__wrap_printf
                0x10004b24       0x18 main/CMakeFiles/main.dir/C_/Program_Files/Raspberry_Pi/Pico_SDK_v1.5.1/pico-sdk/src/rp2_common/pico_stdio/stdio.c.obj
                0x10004b24                __wrap_printf
 .text.stdio_init_all
                0x10004b3c        0x8 main/CMakeFiles/main.dir/C_/Program_Files/Raspberry_Pi/Pico_SDK_v1.5.1/pico-sdk/src/rp2_common/pico_stdio/stdio.c.obj
                0x10004b3c                stdio_init_all
 .text.resetd_init
                0x10004b44        0x2 main/CMakeFiles/main.dir/C_/Program_Files/Raspberry_Pi/Pico_SDK_v1.5.1/pico-sdk/src/rp2_common/pico_stdio_usb/reset_interface.c.obj
 *fill*         0x10004b46        0x2 
 .text.resetd_reset
                0x10004b48        0xc main/CMakeFiles/main.dir/C_/Program_Files/Raspberry_Pi/Pico_SDK_v1.5.1/pico-sdk/src/rp2_common/pico_stdio_usb/reset_interface.c.obj
 .text.resetd_open
                0x10004b54       0x34 main/CMakeFiles/main.dir/C_/Program_Files/Raspberry_Pi/Pico_SDK_v1.5.1/pico-sdk/src/rp2_common/pico_stdio_usb/reset_interface.c.obj
 .text.resetd_xfer_cb
                0x10004b88        0x4 main/CMakeFiles/main.dir/C_/Program_Files/Raspberry_Pi/Pico_SDK_v1.5.1/pico-sdk/src/rp2_common/pico_stdio_usb/reset_interface.c.obj
 .text.reset_usb_boot
                0x10004b8c       0x18 main/CMakeFiles/main.dir/C_/Program_Files/Raspberry_Pi/Pico_SDK_v1.5.1/pico-sdk/src/rp2_common/pico_stdio_usb/reset_interface.c.obj
 .text.resetd_control_xfer_cb
                0x10004ba4       0x5c main/CMakeFiles/main.dir/C_/Program_Files/Raspberry_Pi/Pico_SDK_v1.5.1/pico-sdk/src/rp2_common/pico_stdio_usb/reset_interface.c.obj
 .text.usbd_app_driver_get_cb
                0x10004c00        0xc main/CMakeFiles/main.dir/C_/Program_Files/Raspberry_Pi/Pico_SDK_v1.5.1/pico-sdk/src/rp2_common/pico_stdio_usb/reset_interface.c.obj
                0x10004c00                usbd_app_driver_get_cb
 .text.tud_cdc_line_coding_cb
                0x10004c0c       0x28 main/CMakeFiles/main.dir/C_/Program_Files/Raspberry_Pi/Pico_SDK_v1.5.1/pico-sdk/src/rp2_common/pico_stdio_usb/reset_interface.c.obj
                0x10004c0c                tud_cdc_line_coding_cb
 .text.stdio_usb_set_chars_available_callback
                0x10004c34       0x14 main/CMakeFiles/main.dir/C_/Program_Files/Raspberry_Pi/Pico_SDK_v1.5.1/pico-sdk/src/rp2_common/pico_stdio_usb/stdio_usb.c.obj
                0x10004c34                stdio_usb_set_chars_available_callback
 .text.usb_irq  0x10004c48       0x10 main/CMakeFiles/main.dir/C_/Program_Files/Raspberry_Pi/Pico_SDK_v1.5.1/pico-sdk/src/rp2_common/pico_stdio_usb/stdio_usb.c.obj
 .text.timer_task
                0x10004c58       0x5c main/CMakeFiles/main.dir/C_/Program_Files/Raspberry_Pi/Pico_SDK_v1.5.1/pico-sdk/src/rp2_common/pico_stdio_usb/stdio_usb.c.obj
 .text.low_priority_worker_irq
                0x10004cb4       0xdc main/CMakeFiles/main.dir/C_/Program_Files/Raspberry_Pi/Pico_SDK_v1.5.1/pico-sdk/src/rp2_common/pico_stdio_usb/stdio_usb.c.obj
 .text.tud_cdc_rx_cb
                0x10004d90       0x20 main/CMakeFiles/main.dir/C_/Program_Files/Raspberry_Pi/Pico_SDK_v1.5.1/pico-sdk/src/rp2_common/pico_stdio_usb/stdio_usb.c.obj
                0x10004d90                tud_cdc_rx_cb
 .text.stdio_usb_init
                0x10004db0      0x11c main/CMakeFiles/main.dir/C_/Program_Files/Raspberry_Pi/Pico_SDK_v1.5.1/pico-sdk/src/rp2_common/pico_stdio_usb/stdio_usb.c.obj
                0x10004db0                stdio_usb_init
 .text.stdio_usb_connected
                0x10004ecc        0xa main/CMakeFiles/main.dir/C_/Program_Files/Raspberry_Pi/Pico_SDK_v1.5.1/pico-sdk/src/rp2_common/pico_stdio_usb/stdio_usb.c.obj
                0x10004ecc                stdio_usb_connected
 *fill*         0x10004ed6        0x2 
 .text.stdio_usb_in_chars
                0x10004ed8       0xc4 main/CMakeFiles/main.dir/C_/Program_Files/Raspberry_Pi/Pico_SDK_v1.5.1/pico-sdk/src/rp2_common/pico_stdio_usb/stdio_usb.c.obj
                0x10004ed8                stdio_usb_in_chars
 .text.stdio_usb_out_chars
                0x10004f9c      0x114 main/CMakeFiles/main.dir/C_/Program_Files/Raspberry_Pi/Pico_SDK_v1.5.1/pico-sdk/src/rp2_common/pico_stdio_usb/stdio_usb.c.obj
 .text.tud_descriptor_device_cb
                0x100050b0        0x8 main/CMakeFiles/main.dir/C_/Program_Files/Raspberry_Pi/Pico_SDK_v1.5.1/pico-sdk/src/rp2_common/pico_stdio_usb/stdio_usb_descriptors.c.obj
                0x100050b0                tud_descriptor_device_cb
 .text.tud_descriptor_configuration_cb
                0x100050b8        0x8 main/CMakeFiles/main.dir/C_/Program_Files/Raspberry_Pi/Pico_SDK_v1.5.1/pico-sdk/src/rp2_common/pico_stdio_usb/stdio_usb_descriptors.c.obj
                0x100050b8                tud_descriptor_configuration_cb
 .text.tud_descriptor_string_cb
                0x100050c0       0x6c main/CMakeFiles/main.dir/C_/Program_Files/Raspberry_Pi/Pico_SDK_v1.5.1/pico-sdk/src/rp2_common/pico_stdio_usb/stdio_usb_descriptors.c.obj
                0x100050c0                tud_descriptor_string_cb
 .text._retrieve_unique_id_on_boot
                0x1000512c       0x10 main/CMakeFiles/main.dir/C_/Program_Files/Raspberry_Pi/Pico_SDK_v1.5.1/pico-sdk/src/rp2_common/pico_unique_id/unique_id.c.obj
 .text.pico_get_unique_board_id_string
                0x1000513c       0x60 main/CMakeFiles/main.dir/C_/Program_Files/Raspberry_Pi/Pico_SDK_v1.5.1/pico-sdk/src/rp2_common/pico_unique_id/unique_id.c.obj
                0x1000513c                pico_get_unique_board_id_string
 .text.flash_get_unique_id
                0x1000519c       0x46 main/CMakeFiles/main.dir/C_/Program_Files/Raspberry_Pi/Pico_SDK_v1.5.1/pico-sdk/src/rp2_common/hardware_flash/flash.c.obj
                0x1000519c                flash_get_unique_id
 *fill*         0x100051e2        0x2 
 .text.hw_endpoint_get_by_addr
                0x100051e4       0x18 main/CMakeFiles/main.dir/C_/Program_Files/Raspberry_Pi/Pico_SDK_v1.5.1/pico-sdk/lib/tinyusb/src/portable/raspberrypi/rp2040/dcd_rp2040.c.obj
 .text._hw_endpoint_alloc
                0x100051fc       0x70 main/CMakeFiles/main.dir/C_/Program_Files/Raspberry_Pi/Pico_SDK_v1.5.1/pico-sdk/lib/tinyusb/src/portable/raspberrypi/rp2040/dcd_rp2040.c.obj
 .text.hw_endpoint_init
                0x1000526c       0x88 main/CMakeFiles/main.dir/C_/Program_Files/Raspberry_Pi/Pico_SDK_v1.5.1/pico-sdk/lib/tinyusb/src/portable/raspberrypi/rp2040/dcd_rp2040.c.obj
 .text.hw_endpoint_xfer
                0x100052f4       0x14 main/CMakeFiles/main.dir/C_/Program_Files/Raspberry_Pi/Pico_SDK_v1.5.1/pico-sdk/lib/tinyusb/src/portable/raspberrypi/rp2040/dcd_rp2040.c.obj
 .text.dcd_int_enable
                0x10005308       0x2c main/CMakeFiles/main.dir/C_/Program_Files/Raspberry_Pi/Pico_SDK_v1.5.1/pico-sdk/lib/tinyusb/src/portable/raspberrypi/rp2040/dcd_rp2040.c.obj
                0x10005308                dcd_int_enable
 .text.dcd_set_address
                0x10005334       0x2c main/CMakeFiles/main.dir/C_/Program_Files/Raspberry_Pi/Pico_SDK_v1.5.1/pico-sdk/lib/tinyusb/src/portable/raspberrypi/rp2040/dcd_rp2040.c.obj
                0x10005334                dcd_set_address
 .text.dcd_connect
                0x10005360       0x10 main/CMakeFiles/main.dir/C_/Program_Files/Raspberry_Pi/Pico_SDK_v1.5.1/pico-sdk/lib/tinyusb/src/portable/raspberrypi/rp2040/dcd_rp2040.c.obj
                0x10005360                dcd_connect
 .text.dcd_init
                0x10005370       0x80 main/CMakeFiles/main.dir/C_/Program_Files/Raspberry_Pi/Pico_SDK_v1.5.1/pico-sdk/lib/tinyusb/src/portable/raspberrypi/rp2040/dcd_rp2040.c.obj
                0x10005370                dcd_init
 .text.dcd_edpt0_status_complete
                0x100053f0       0x1c main/CMakeFiles/main.dir/C_/Program_Files/Raspberry_Pi/Pico_SDK_v1.5.1/pico-sdk/lib/tinyusb/src/portable/raspberrypi/rp2040/dcd_rp2040.c.obj
                0x100053f0                dcd_edpt0_status_complete
 .text.dcd_edpt_open
                0x1000540c       0x40 main/CMakeFiles/main.dir/C_/Program_Files/Raspberry_Pi/Pico_SDK_v1.5.1/pico-sdk/lib/tinyusb/src/portable/raspberrypi/rp2040/dcd_rp2040.c.obj
                0x1000540c                dcd_edpt_open
 .text.dcd_edpt_close_all
                0x1000544c        0x8 main/CMakeFiles/main.dir/C_/Program_Files/Raspberry_Pi/Pico_SDK_v1.5.1/pico-sdk/lib/tinyusb/src/portable/raspberrypi/rp2040/dcd_rp2040.c.obj
                0x1000544c                dcd_edpt_close_all
 .text.dcd_edpt_xfer
                0x10005454       0x34 main/CMakeFiles/main.dir/C_/Program_Files/Raspberry_Pi/Pico_SDK_v1.5.1/pico-sdk/lib/tinyusb/src/portable/raspberrypi/rp2040/dcd_rp2040.c.obj
                0x10005454                dcd_edpt_xfer
 .text.dcd_edpt_stall
                0x10005488       0x2c main/CMakeFiles/main.dir/C_/Program_Files/Raspberry_Pi/Pico_SDK_v1.5.1/pico-sdk/lib/tinyusb/src/portable/raspberrypi/rp2040/dcd_rp2040.c.obj
                0x10005488                dcd_edpt_stall
 .text.dcd_edpt_clear_stall
                0x100054b4       0x20 main/CMakeFiles/main.dir/C_/Program_Files/Raspberry_Pi/Pico_SDK_v1.5.1/pico-sdk/lib/tinyusb/src/portable/raspberrypi/rp2040/dcd_rp2040.c.obj
                0x100054b4                dcd_edpt_clear_stall
 .text.rp2040_usb_init
                0x100054d4       0x4c main/CMakeFiles/main.dir/C_/Program_Files/Raspberry_Pi/Pico_SDK_v1.5.1/pico-sdk/lib/tinyusb/src/portable/raspberrypi/rp2040/rp2040_usb.c.obj
                0x100054d4                rp2040_usb_init
 .text.hw_endpoint_xfer_start
                0x10005520       0x50 main/CMakeFiles/main.dir/C_/Program_Files/Raspberry_Pi/Pico_SDK_v1.5.1/pico-sdk/lib/tinyusb/src/portable/raspberrypi/rp2040/rp2040_usb.c.obj
                0x10005520                hw_endpoint_xfer_start
 .text.configuration_reset
                0x10005570       0x84 main/CMakeFiles/main.dir/C_/Program_Files/Raspberry_Pi/Pico_SDK_v1.5.1/pico-sdk/lib/tinyusb/src/device/usbd.c.obj
 .text.usbd_reset
                0x100055f4        0xc main/CMakeFiles/main.dir/C_/Program_Files/Raspberry_Pi/Pico_SDK_v1.5.1/pico-sdk/lib/tinyusb/src/device/usbd.c.obj
 .text.invoke_class_control
                0x10005600       0x1a main/CMakeFiles/main.dir/C_/Program_Files/Raspberry_Pi/Pico_SDK_v1.5.1/pico-sdk/lib/tinyusb/src/device/usbd.c.obj
 *fill*         0x1000561a        0x2 
 .text.process_set_config
                0x1000561c      0x178 main/CMakeFiles/main.dir/C_/Program_Files/Raspberry_Pi/Pico_SDK_v1.5.1/pico-sdk/lib/tinyusb/src/device/usbd.c.obj
 .text.process_get_descriptor
                0x10005794       0xdc main/CMakeFiles/main.dir/C_/Program_Files/Raspberry_Pi/Pico_SDK_v1.5.1/pico-sdk/lib/tinyusb/src/device/usbd.c.obj
 .text.tud_mounted
                0x10005870       0x10 main/CMakeFiles/main.dir/C_/Program_Files/Raspberry_Pi/Pico_SDK_v1.5.1/pico-sdk/lib/tinyusb/src/device/usbd.c.obj
                0x10005870                tud_mounted
 .text.tud_suspended
                0x10005880       0x10 main/CMakeFiles/main.dir/C_/Program_Files/Raspberry_Pi/Pico_SDK_v1.5.1/pico-sdk/lib/tinyusb/src/device/usbd.c.obj
                0x10005880                tud_suspended
 .text.tud_inited
                0x10005890       0x14 main/CMakeFiles/main.dir/C_/Program_Files/Raspberry_Pi/Pico_SDK_v1.5.1/pico-sdk/lib/tinyusb/src/device/usbd.c.obj
                0x10005890                tud_inited
 .text.tud_init
                0x100058a4       0xcc main/CMakeFiles/main.dir/C_/Program_Files/Raspberry_Pi/Pico_SDK_v1.5.1/pico-sdk/lib/tinyusb/src/device/usbd.c.obj
                0x100058a4                tud_init
 .text.usbd_defer_func
                0x10005970       0x2a main/CMakeFiles/main.dir/C_/Program_Files/Raspberry_Pi/Pico_SDK_v1.5.1/pico-sdk/lib/tinyusb/src/device/usbd.c.obj
                0x10005970                usbd_defer_func
 *fill*         0x1000599a        0x2 
 .text.usbd_edpt_open
                0x1000599c       0x34 main/CMakeFiles/main.dir/C_/Program_Files/Raspberry_Pi/Pico_SDK_v1.5.1/pico-sdk/lib/tinyusb/src/device/usbd.c.obj
                0x1000599c                usbd_edpt_open
 .text.usbd_open_edpt_pair
                0x100059d0       0x62 main/CMakeFiles/main.dir/C_/Program_Files/Raspberry_Pi/Pico_SDK_v1.5.1/pico-sdk/lib/tinyusb/src/device/usbd.c.obj
                0x100059d0                usbd_open_edpt_pair
 *fill*         0x10005a32        0x2 
 .text.usbd_edpt_claim
                0x10005a34       0x28 main/CMakeFiles/main.dir/C_/Program_Files/Raspberry_Pi/Pico_SDK_v1.5.1/pico-sdk/lib/tinyusb/src/device/usbd.c.obj
                0x10005a34                usbd_edpt_claim
 .text.usbd_edpt_release
                0x10005a5c       0x28 main/CMakeFiles/main.dir/C_/Program_Files/Raspberry_Pi/Pico_SDK_v1.5.1/pico-sdk/lib/tinyusb/src/device/usbd.c.obj
                0x10005a5c                usbd_edpt_release
 .text.usbd_edpt_xfer
                0x10005a84       0x78 main/CMakeFiles/main.dir/C_/Program_Files/Raspberry_Pi/Pico_SDK_v1.5.1/pico-sdk/lib/tinyusb/src/device/usbd.c.obj
                0x10005a84                usbd_edpt_xfer
 .text.usbd_edpt_stall
                0x10005afc       0x48 main/CMakeFiles/main.dir/C_/Program_Files/Raspberry_Pi/Pico_SDK_v1.5.1/pico-sdk/lib/tinyusb/src/device/usbd.c.obj
                0x10005afc                usbd_edpt_stall
 .text.usbd_edpt_clear_stall
                0x10005b44       0x48 main/CMakeFiles/main.dir/C_/Program_Files/Raspberry_Pi/Pico_SDK_v1.5.1/pico-sdk/lib/tinyusb/src/device/usbd.c.obj
                0x10005b44                usbd_edpt_clear_stall
 .text.usbd_edpt_stalled
                0x10005b8c       0x1c main/CMakeFiles/main.dir/C_/Program_Files/Raspberry_Pi/Pico_SDK_v1.5.1/pico-sdk/lib/tinyusb/src/device/usbd.c.obj
                0x10005b8c                usbd_edpt_stalled
 .text.process_control_request
                0x10005ba8      0x37c main/CMakeFiles/main.dir/C_/Program_Files/Raspberry_Pi/Pico_SDK_v1.5.1/pico-sdk/lib/tinyusb/src/device/usbd.c.obj
 .text.tud_task_ext
                0x10005f24      0x1b8 main/CMakeFiles/main.dir/C_/Program_Files/Raspberry_Pi/Pico_SDK_v1.5.1/pico-sdk/lib/tinyusb/src/device/usbd.c.obj
                0x10005f24                tud_task_ext
 .text._data_stage_xact
                0x100060dc       0x58 main/CMakeFiles/main.dir/C_/Program_Files/Raspberry_Pi/Pico_SDK_v1.5.1/pico-sdk/lib/tinyusb/src/device/usbd_control.c.obj
 .text.tud_control_status
                0x10006134       0x38 main/CMakeFiles/main.dir/C_/Program_Files/Raspberry_Pi/Pico_SDK_v1.5.1/pico-sdk/lib/tinyusb/src/device/usbd_control.c.obj
                0x10006134                tud_control_status
 .text.tud_control_xfer
                0x1000616c       0x74 main/CMakeFiles/main.dir/C_/Program_Files/Raspberry_Pi/Pico_SDK_v1.5.1/pico-sdk/lib/tinyusb/src/device/usbd_control.c.obj
                0x1000616c                tud_control_xfer
 .text.usbd_control_reset
                0x100061e0       0x14 main/CMakeFiles/main.dir/C_/Program_Files/Raspberry_Pi/Pico_SDK_v1.5.1/pico-sdk/lib/tinyusb/src/device/usbd_control.c.obj
                0x100061e0                usbd_control_reset
 .text.usbd_control_set_complete_callback
                0x100061f4        0xc main/CMakeFiles/main.dir/C_/Program_Files/Raspberry_Pi/Pico_SDK_v1.5.1/pico-sdk/lib/tinyusb/src/device/usbd_control.c.obj
                0x100061f4                usbd_control_set_complete_callback
 .text.usbd_control_set_request
                0x10006200       0x1c main/CMakeFiles/main.dir/C_/Program_Files/Raspberry_Pi/Pico_SDK_v1.5.1/pico-sdk/lib/tinyusb/src/device/usbd_control.c.obj
                0x10006200                usbd_control_set_request
 .text.usbd_control_xfer_cb
                0x1000621c       0xcc main/CMakeFiles/main.dir/C_/Program_Files/Raspberry_Pi/Pico_SDK_v1.5.1/pico-sdk/lib/tinyusb/src/device/usbd_control.c.obj
                0x1000621c                usbd_control_xfer_cb
 .text._prep_out_transaction
                0x100062e8       0x4a main/CMakeFiles/main.dir/C_/Program_Files/Raspberry_Pi/Pico_SDK_v1.5.1/pico-sdk/lib/tinyusb/src/class/cdc/cdc_device.c.obj
 *fill*         0x10006332        0x2 
 .text.tud_cdc_n_connected
                0x10006334       0x44 main/CMakeFiles/main.dir/C_/Program_Files/Raspberry_Pi/Pico_SDK_v1.5.1/pico-sdk/lib/tinyusb/src/class/cdc/cdc_device.c.obj
                0x10006334                tud_cdc_n_connected
 .text.tud_cdc_n_available
                0x10006378       0x18 main/CMakeFiles/main.dir/C_/Program_Files/Raspberry_Pi/Pico_SDK_v1.5.1/pico-sdk/lib/tinyusb/src/class/cdc/cdc_device.c.obj
                0x10006378                tud_cdc_n_available
 .text.tud_cdc_n_read
                0x10006390       0x28 main/CMakeFiles/main.dir/C_/Program_Files/Raspberry_Pi/Pico_SDK_v1.5.1/pico-sdk/lib/tinyusb/src/class/cdc/cdc_device.c.obj
                0x10006390                tud_cdc_n_read
 .text.tud_cdc_n_write_flush
                0x100063b8       0xb8 main/CMakeFiles/main.dir/C_/Program_Files/Raspberry_Pi/Pico_SDK_v1.5.1/pico-sdk/lib/tinyusb/src/class/cdc/cdc_device.c.obj
                0x100063b8                tud_cdc_n_write_flush
 .text.tud_cdc_n_write
                0x10006470       0x38 main/CMakeFiles/main.dir/C_/Program_Files/Raspberry_Pi/Pico_SDK_v1.5.1/pico-sdk/lib/tinyusb/src/class/cdc/cdc_device.c.obj
                0x10006470                tud_cdc_n_write
 .text.tud_cdc_n_write_available
                0x100064a8       0x1c main/CMakeFiles/main.dir/C_/Program_Files/Raspberry_Pi/Pico_SDK_v1.5.1/pico-sdk/lib/tinyusb/src/class/cdc/cdc_device.c.obj
                0x100064a8                tud_cdc_n_write_available
 .text.cdcd_init
                0x100064c4       0xbc main/CMakeFiles/main.dir/C_/Program_Files/Raspberry_Pi/Pico_SDK_v1.5.1/pico-sdk/lib/tinyusb/src/class/cdc/cdc_device.c.obj
                0x100064c4                cdcd_init
 .text.cdcd_reset
                0x10006580       0x44 main/CMakeFiles/main.dir/C_/Program_Files/Raspberry_Pi/Pico_SDK_v1.5.1/pico-sdk/lib/tinyusb/src/class/cdc/cdc_device.c.obj
                0x10006580                cdcd_reset
 .text.cdcd_open
                0x100065c4       0xcc main/CMakeFiles/main.dir/C_/Program_Files/Raspberry_Pi/Pico_SDK_v1.5.1/pico-sdk/lib/tinyusb/src/class/cdc/cdc_device.c.obj
                0x100065c4                cdcd_open
 .text.cdcd_control_xfer_cb
                0x10006690      0x134 main/CMakeFiles/main.dir/C_/Program_Files/Raspberry_Pi/Pico_SDK_v1.5.1/pico-sdk/lib/tinyusb/src/class/cdc/cdc_device.c.obj
                0x10006690                cdcd_control_xfer_cb
 .text.cdcd_xfer_cb
                0x100067c4      0x130 main/CMakeFiles/main.dir/C_/Program_Files/Raspberry_Pi/Pico_SDK_v1.5.1/pico-sdk/lib/tinyusb/src/class/cdc/cdc_device.c.obj
                0x100067c4                cdcd_xfer_cb
 .text.tusb_init
                0x100068f4        0xa main/CMakeFiles/main.dir/C_/Program_Files/Raspberry_Pi/Pico_SDK_v1.5.1/pico-sdk/lib/tinyusb/src/tusb.c.obj
                0x100068f4                tusb_init
 .text.tusb_inited
                0x100068fe        0xe main/CMakeFiles/main.dir/C_/Program_Files/Raspberry_Pi/Pico_SDK_v1.5.1/pico-sdk/lib/tinyusb/src/tusb.c.obj
                0x100068fe                tusb_inited
 .text.tu_edpt_claim
                0x1000690c       0x50 main/CMakeFiles/main.dir/C_/Program_Files/Raspberry_Pi/Pico_SDK_v1.5.1/pico-sdk/lib/tinyusb/src/tusb.c.obj
                0x1000690c                tu_edpt_claim
 .text.tu_edpt_release
                0x1000695c       0x3c main/CMakeFiles/main.dir/C_/Program_Files/Raspberry_Pi/Pico_SDK_v1.5.1/pico-sdk/lib/tinyusb/src/tusb.c.obj
                0x1000695c                tu_edpt_release
 .text.tu_edpt_validate
                0x10006998       0x78 main/CMakeFiles/main.dir/C_/Program_Files/Raspberry_Pi/Pico_SDK_v1.5.1/pico-sdk/lib/tinyusb/src/tusb.c.obj
                0x10006998                tu_edpt_validate
 .text.tu_edpt_bind_driver
                0x10006a10       0x26 main/CMakeFiles/main.dir/C_/Program_Files/Raspberry_Pi/Pico_SDK_v1.5.1/pico-sdk/lib/tinyusb/src/tusb.c.obj
                0x10006a10                tu_edpt_bind_driver
 .text.advance_index
                0x10006a36       0x1a main/CMakeFiles/main.dir/C_/Program_Files/Raspberry_Pi/Pico_SDK_v1.5.1/pico-sdk/lib/tinyusb/src/common/tusb_fifo.c.obj
 .text._tu_fifo_peek
                0x10006a50       0x56 main/CMakeFiles/main.dir/C_/Program_Files/Raspberry_Pi/Pico_SDK_v1.5.1/pico-sdk/lib/tinyusb/src/common/tusb_fifo.c.obj
 .text._ff_pull_const_addr
                0x10006aa6       0x4c main/CMakeFiles/main.dir/C_/Program_Files/Raspberry_Pi/Pico_SDK_v1.5.1/pico-sdk/lib/tinyusb/src/common/tusb_fifo.c.obj
 .text._ff_pull_n
                0x10006af2      0x110 main/CMakeFiles/main.dir/C_/Program_Files/Raspberry_Pi/Pico_SDK_v1.5.1/pico-sdk/lib/tinyusb/src/common/tusb_fifo.c.obj
 .text._tu_fifo_peek_n
                0x10006c02       0x6a main/CMakeFiles/main.dir/C_/Program_Files/Raspberry_Pi/Pico_SDK_v1.5.1/pico-sdk/lib/tinyusb/src/common/tusb_fifo.c.obj
 .text._tu_fifo_read_n
                0x10006c6c       0x4e main/CMakeFiles/main.dir/C_/Program_Files/Raspberry_Pi/Pico_SDK_v1.5.1/pico-sdk/lib/tinyusb/src/common/tusb_fifo.c.obj
 .text._ff_push_const_addr
                0x10006cba       0x40 main/CMakeFiles/main.dir/C_/Program_Files/Raspberry_Pi/Pico_SDK_v1.5.1/pico-sdk/lib/tinyusb/src/common/tusb_fifo.c.obj
 .text._ff_push_n
                0x10006cfa      0x10c main/CMakeFiles/main.dir/C_/Program_Files/Raspberry_Pi/Pico_SDK_v1.5.1/pico-sdk/lib/tinyusb/src/common/tusb_fifo.c.obj
 .text._tu_fifo_write_n
                0x10006e06       0xf0 main/CMakeFiles/main.dir/C_/Program_Files/Raspberry_Pi/Pico_SDK_v1.5.1/pico-sdk/lib/tinyusb/src/common/tusb_fifo.c.obj
 .text.tu_fifo_config
                0x10006ef6       0x7c main/CMakeFiles/main.dir/C_/Program_Files/Raspberry_Pi/Pico_SDK_v1.5.1/pico-sdk/lib/tinyusb/src/common/tusb_fifo.c.obj
                0x10006ef6                tu_fifo_config
 .text.tu_fifo_count
                0x10006f72       0x2a main/CMakeFiles/main.dir/C_/Program_Files/Raspberry_Pi/Pico_SDK_v1.5.1/pico-sdk/lib/tinyusb/src/common/tusb_fifo.c.obj
                0x10006f72                tu_fifo_count
 .text.tu_fifo_empty
                0x10006f9c       0x10 main/CMakeFiles/main.dir/C_/Program_Files/Raspberry_Pi/Pico_SDK_v1.5.1/pico-sdk/lib/tinyusb/src/common/tusb_fifo.c.obj
                0x10006f9c                tu_fifo_empty
 .text.tu_fifo_full
                0x10006fac       0x28 main/CMakeFiles/main.dir/C_/Program_Files/Raspberry_Pi/Pico_SDK_v1.5.1/pico-sdk/lib/tinyusb/src/common/tusb_fifo.c.obj
                0x10006fac                tu_fifo_full
 .text.tu_fifo_remaining
                0x10006fd4       0x2c main/CMakeFiles/main.dir/C_/Program_Files/Raspberry_Pi/Pico_SDK_v1.5.1/pico-sdk/lib/tinyusb/src/common/tusb_fifo.c.obj
                0x10006fd4                tu_fifo_remaining
 .text.tu_fifo_read
                0x10007000       0x42 main/CMakeFiles/main.dir/C_/Program_Files/Raspberry_Pi/Pico_SDK_v1.5.1/pico-sdk/lib/tinyusb/src/common/tusb_fifo.c.obj
                0x10007000                tu_fifo_read
 .text.tu_fifo_read_n
                0x10007042        0xa main/CMakeFiles/main.dir/C_/Program_Files/Raspberry_Pi/Pico_SDK_v1.5.1/pico-sdk/lib/tinyusb/src/common/tusb_fifo.c.obj
                0x10007042                tu_fifo_read_n
 .text.tu_fifo_write
                0x1000704c       0x64 main/CMakeFiles/main.dir/C_/Program_Files/Raspberry_Pi/Pico_SDK_v1.5.1/pico-sdk/lib/tinyusb/src/common/tusb_fifo.c.obj
                0x1000704c                tu_fifo_write
 .text.tu_fifo_write_n
                0x100070b0        0xa main/CMakeFiles/main.dir/C_/Program_Files/Raspberry_Pi/Pico_SDK_v1.5.1/pico-sdk/lib/tinyusb/src/common/tusb_fifo.c.obj
                0x100070b0                tu_fifo_write_n
 .text.tu_fifo_clear
                0x100070ba       0x3e main/CMakeFiles/main.dir/C_/Program_Files/Raspberry_Pi/Pico_SDK_v1.5.1/pico-sdk/lib/tinyusb/src/common/tusb_fifo.c.obj
                0x100070ba                tu_fifo_clear
 .text.tu_fifo_set_overwritable
                0x100070f8       0x46 main/CMakeFiles/main.dir/C_/Program_Files/Raspberry_Pi/Pico_SDK_v1.5.1/pico-sdk/lib/tinyusb/src/common/tusb_fifo.c.obj
                0x100070f8                tu_fifo_set_overwritable
 *fill*         0x1000713e        0x2 
 .text.setup_pwm
                0x10007140       0xe4 motor/libmotor_lib.a(motor.c.obj)
                0x10007140                setup_pwm
 .text.setup_gpio_pins
                0x10007224       0x5c motor/libmotor_lib.a(motor.c.obj)
                0x10007224                setup_gpio_pins
 .text.init_motor
                0x10007280        0x8 motor/libmotor_lib.a(motor.c.obj)
                0x10007280                init_motor
 .text.mtr1_fwd
                0x10007288       0x1c motor/libmotor_lib.a(motor.c.obj)
                0x10007288                mtr1_fwd
 .text.set_mtr1_speed
                0x100072a4       0x28 motor/libmotor_lib.a(motor.c.obj)
                0x100072a4                set_mtr1_speed
 .text.mtr2_fwd
                0x100072cc       0x20 motor/libmotor_lib.a(motor.c.obj)
                0x100072cc                mtr2_fwd
 .text.set_mtr2_speed
                0x100072ec       0x48 motor/libmotor_lib.a(motor.c.obj)
                0x100072ec                set_mtr2_speed
 .text.move_fwd
                0x10007334       0x1c motor/libmotor_lib.a(motor.c.obj)
                0x10007334                move_fwd
 .text.get_absolute_time
                0x10007350       0x2c barcode/libbarcode_lib.a(barcode.c.obj)
 .text.init_barcode
                0x1000737c       0x2a barcode/libbarcode_lib.a(barcode.c.obj)
                0x1000737c                init_barcode
 *fill*         0x100073a6        0x2 
 .text.get_denoised_state
                0x100073a8       0x48 barcode/libbarcode_lib.a(barcode.c.obj)
                0x100073a8                get_denoised_state
 .text.sort_bars
                0x100073f0       0x6c barcode/libbarcode_lib.a(barcode.c.obj)
                0x100073f0                sort_bars
 .text.count_wide_bars
                0x1000745c       0x1a barcode/libbarcode_lib.a(barcode.c.obj)
                0x1000745c                count_wide_bars
 *fill*         0x10007476        0x2 
 .text.has_initial_outlier
                0x10007478       0x70 barcode/libbarcode_lib.a(barcode.c.obj)
                0x10007478                has_initial_outlier
 .text.decode_pattern
                0x100074e8       0x3c barcode/libbarcode_lib.a(barcode.c.obj)
                0x100074e8                decode_pattern
 .text.add_to_message
                0x10007524       0x40 barcode/libbarcode_lib.a(barcode.c.obj)
                0x10007524                add_to_message
 .text.reset_message
                0x10007564       0x20 barcode/libbarcode_lib.a(barcode.c.obj)
                0x10007564                reset_message
 .text.process_bars
                0x10007584      0x144 barcode/libbarcode_lib.a(barcode.c.obj)
                0x10007584                process_bars
 .text.track_bars
                0x100076c8      0x1f8 barcode/libbarcode_lib.a(barcode.c.obj)
                0x100076c8                track_bars
 .text.__sflush_r
                0x100078c0      0x140 c:/progra~1/raspbe~1/picosd~1.1/gcc-ar~1/bin/../lib/gcc/arm-none-eabi/10.3.1/../../../../arm-none-eabi/lib/thumb/v6-m/nofp\libg.a(lib_a-fflush.o)
                0x100078c0                __sflush_r
 .text._fflush_r
                0x10007a00       0x6c c:/progra~1/raspbe~1/picosd~1.1/gcc-ar~1/bin/../lib/gcc/arm-none-eabi/10.3.1/../../../../arm-none-eabi/lib/thumb/v6-m/nofp\libg.a(lib_a-fflush.o)
                0x10007a00                _fflush_r
 .text.fflush   0x10007a6c       0x78 c:/progra~1/raspbe~1/picosd~1.1/gcc-ar~1/bin/../lib/gcc/arm-none-eabi/10.3.1/../../../../arm-none-eabi/lib/thumb/v6-m/nofp\libg.a(lib_a-fflush.o)
                0x10007a6c                fflush
 .text._cleanup_r
                0x10007ae4       0x10 c:/progra~1/raspbe~1/picosd~1.1/gcc-ar~1/bin/../lib/gcc/arm-none-eabi/10.3.1/../../../../arm-none-eabi/lib/thumb/v6-m/nofp\libg.a(lib_a-findfp.o)
                0x10007ae4                _cleanup_r
 .text.__sinit  0x10007af4      0x120 c:/progra~1/raspbe~1/picosd~1.1/gcc-ar~1/bin/../lib/gcc/arm-none-eabi/10.3.1/../../../../arm-none-eabi/lib/thumb/v6-m/nofp\libg.a(lib_a-findfp.o)
                0x10007af4                __sinit
 .text.__sfp_lock_acquire
                0x10007c14       0x10 c:/progra~1/raspbe~1/picosd~1.1/gcc-ar~1/bin/../lib/gcc/arm-none-eabi/10.3.1/../../../../arm-none-eabi/lib/thumb/v6-m/nofp\libg.a(lib_a-findfp.o)
                0x10007c14                __sfp_lock_acquire
 .text.__sfp_lock_release
                0x10007c24       0x10 c:/progra~1/raspbe~1/picosd~1.1/gcc-ar~1/bin/../lib/gcc/arm-none-eabi/10.3.1/../../../../arm-none-eabi/lib/thumb/v6-m/nofp\libg.a(lib_a-findfp.o)
                0x10007c24                __sfp_lock_release
 .text._malloc_trim_r
                0x10007c34       0x9c c:/progra~1/raspbe~1/picosd~1.1/gcc-ar~1/bin/../lib/gcc/arm-none-eabi/10.3.1/../../../../arm-none-eabi/lib/thumb/v6-m/nofp\libg.a(lib_a-freer.o)
                0x10007c34                _malloc_trim_r
 .text._free_r  0x10007cd0      0x1c4 c:/progra~1/raspbe~1/picosd~1.1/gcc-ar~1/bin/../lib/gcc/arm-none-eabi/10.3.1/../../../../arm-none-eabi/lib/thumb/v6-m/nofp\libg.a(lib_a-freer.o)
                0x10007cd0                _free_r
 .text._fwalk_reent
                0x10007e94       0x48 c:/progra~1/raspbe~1/picosd~1.1/gcc-ar~1/bin/../lib/gcc/arm-none-eabi/10.3.1/../../../../arm-none-eabi/lib/thumb/v6-m/nofp\libg.a(lib_a-fwalk.o)
                0x10007e94                _fwalk_reent
 .text.__retarget_lock_init_recursive
                0x10007edc        0x4 c:/progra~1/raspbe~1/picosd~1.1/gcc-ar~1/bin/../lib/gcc/arm-none-eabi/10.3.1/../../../../arm-none-eabi/lib/thumb/v6-m/nofp\libg.a(lib_a-lock.o)
                0x10007edc                __retarget_lock_init_recursive
 .text.__retarget_lock_close_recursive
                0x10007ee0        0x4 c:/progra~1/raspbe~1/picosd~1.1/gcc-ar~1/bin/../lib/gcc/arm-none-eabi/10.3.1/../../../../arm-none-eabi/lib/thumb/v6-m/nofp\libg.a(lib_a-lock.o)
                0x10007ee0                __retarget_lock_close_recursive
 .text.__retarget_lock_acquire_recursive
                0x10007ee4        0x4 c:/progra~1/raspbe~1/picosd~1.1/gcc-ar~1/bin/../lib/gcc/arm-none-eabi/10.3.1/../../../../arm-none-eabi/lib/thumb/v6-m/nofp\libg.a(lib_a-lock.o)
                0x10007ee4                __retarget_lock_acquire_recursive
 .text.__retarget_lock_release_recursive
                0x10007ee8        0x4 c:/progra~1/raspbe~1/picosd~1.1/gcc-ar~1/bin/../lib/gcc/arm-none-eabi/10.3.1/../../../../arm-none-eabi/lib/thumb/v6-m/nofp\libg.a(lib_a-lock.o)
                0x10007ee8                __retarget_lock_release_recursive
 .text.__malloc_lock
                0x10007eec       0x10 c:/progra~1/raspbe~1/picosd~1.1/gcc-ar~1/bin/../lib/gcc/arm-none-eabi/10.3.1/../../../../arm-none-eabi/lib/thumb/v6-m/nofp\libg.a(lib_a-mlock.o)
                0x10007eec                __malloc_lock
 .text.__malloc_unlock
                0x10007efc       0x10 c:/progra~1/raspbe~1/picosd~1.1/gcc-ar~1/bin/../lib/gcc/arm-none-eabi/10.3.1/../../../../arm-none-eabi/lib/thumb/v6-m/nofp\libg.a(lib_a-mlock.o)
                0x10007efc                __malloc_unlock
 .text._sbrk_r  0x10007f0c       0x24 c:/progra~1/raspbe~1/picosd~1.1/gcc-ar~1/bin/../lib/gcc/arm-none-eabi/10.3.1/../../../../arm-none-eabi/lib/thumb/v6-m/nofp\libg.a(lib_a-sbrkr.o)
                0x10007f0c                _sbrk_r
 .text.__sread  0x10007f30       0x28 c:/progra~1/raspbe~1/picosd~1.1/gcc-ar~1/bin/../lib/gcc/arm-none-eabi/10.3.1/../../../../arm-none-eabi/lib/thumb/v6-m/nofp\libg.a(lib_a-stdio.o)
                0x10007f30                __sread
 .text.__swrite
                0x10007f58       0x40 c:/progra~1/raspbe~1/picosd~1.1/gcc-ar~1/bin/../lib/gcc/arm-none-eabi/10.3.1/../../../../arm-none-eabi/lib/thumb/v6-m/nofp\libg.a(lib_a-stdio.o)
                0x10007f58                __swrite
 .text.__sseek  0x10007f98       0x2c c:/progra~1/raspbe~1/picosd~1.1/gcc-ar~1/bin/../lib/gcc/arm-none-eabi/10.3.1/../../../../arm-none-eabi/lib/thumb/v6-m/nofp\libg.a(lib_a-stdio.o)
                0x10007f98                __sseek
 .text.__sclose
                0x10007fc4        0xc c:/progra~1/raspbe~1/picosd~1.1/gcc-ar~1/bin/../lib/gcc/arm-none-eabi/10.3.1/../../../../arm-none-eabi/lib/thumb/v6-m/nofp\libg.a(lib_a-stdio.o)
                0x10007fc4                __sclose
 .text          0x10007fd0       0x88 c:/progra~1/raspbe~1/picosd~1.1/gcc-ar~1/bin/../lib/gcc/arm-none-eabi/10.3.1/../../../../arm-none-eabi/lib/thumb/v6-m/nofp\libg.a(lib_a-strcmp.o)
                0x10007fd0                strcmp
 .text.strlen   0x10008058       0x5c c:/progra~1/raspbe~1/picosd~1.1/gcc-ar~1/bin/../lib/gcc/arm-none-eabi/10.3.1/../../../../arm-none-eabi/lib/thumb/v6-m/nofp\libg.a(lib_a-strlen-stub.o)
                0x10008058                strlen
 .text._write_r
                0x100080b4       0x28 c:/progra~1/raspbe~1/picosd~1.1/gcc-ar~1/bin/../lib/gcc/arm-none-eabi/10.3.1/../../../../arm-none-eabi/lib/thumb/v6-m/nofp\libg.a(lib_a-writer.o)
                0x100080b4                _write_r
 .text._close_r
                0x100080dc       0x24 c:/progra~1/raspbe~1/picosd~1.1/gcc-ar~1/bin/../lib/gcc/arm-none-eabi/10.3.1/../../../../arm-none-eabi/lib/thumb/v6-m/nofp\libg.a(lib_a-closer.o)
                0x100080dc                _close_r
 .text._fclose_r
                0x10008100       0xdc c:/progra~1/raspbe~1/picosd~1.1/gcc-ar~1/bin/../lib/gcc/arm-none-eabi/10.3.1/../../../../arm-none-eabi/lib/thumb/v6-m/nofp\libg.a(lib_a-fclose.o)
                0x10008100                _fclose_r
 .text._lseek_r
                0x100081dc       0x28 c:/progra~1/raspbe~1/picosd~1.1/gcc-ar~1/bin/../lib/gcc/arm-none-eabi/10.3.1/../../../../arm-none-eabi/lib/thumb/v6-m/nofp\libg.a(lib_a-lseekr.o)
                0x100081dc                _lseek_r
 .text._read_r  0x10008204       0x28 c:/progra~1/raspbe~1/picosd~1.1/gcc-ar~1/bin/../lib/gcc/arm-none-eabi/10.3.1/../../../../arm-none-eabi/lib/thumb/v6-m/nofp\libg.a(lib_a-readr.o)
                0x10008204                _read_r
 *(.fini)
 .fini          0x1000822c        0x4 c:/progra~1/raspbe~1/picosd~1.1/gcc-ar~1/bin/../lib/gcc/arm-none-eabi/10.3.1/thumb/v6-m/nofp/crti.o
                0x1000822c                _fini
 .fini.__stub   0x10008230       0xe0 linker stubs
 *crtbegin.o(.ctors)
 *crtbegin?.o(.ctors)
 *(EXCLUDE_FILE(*crtend.o *crtend?.o) .ctors)
 *(SORT_BY_NAME(.ctors.*))
 *(.ctors)
 *crtbegin.o(.dtors)
 *crtbegin?.o(.dtors)
 *(EXCLUDE_FILE(*crtend.o *crtend?.o) .dtors)
 *(SORT_BY_NAME(.dtors.*))
 *(.dtors)
 *(.eh_frame*)
 .eh_frame      0x10008310        0x0 c:/progra~1/raspbe~1/picosd~1.1/gcc-ar~1/bin/../lib/gcc/arm-none-eabi/10.3.1/thumb/v6-m/nofp/crtbegin.o
                0x10008310                . = ALIGN (0x4)

.glue_7         0x10008310        0x0
 .glue_7        0x10008310        0x0 linker stubs

.glue_7t        0x10008310        0x0
 .glue_7t       0x10008310        0x0 linker stubs

.vfp11_veneer   0x10008310        0x0
 .vfp11_veneer  0x10008310        0x0 linker stubs

.v4_bx          0x10008310        0x0
 .v4_bx         0x10008310        0x0 linker stubs

.iplt           0x10008310        0x0
 .iplt          0x10008310        0x0 c:/progra~1/raspbe~1/picosd~1.1/gcc-ar~1/bin/../lib/gcc/arm-none-eabi/10.3.1/thumb/v6-m/nofp/crtbegin.o

.rodata         0x10008310     0x1d68
 *(EXCLUDE_FILE(*libm.a: *libc.a:*lib_a-mem*.o *libgcc.a:) .rodata*)
 .rodata.get_absolute_time.str1.4
                0x10008310       0x7d main/CMakeFiles/main.dir/main.c.obj
 *fill*         0x1000838d        0x3 
 .rodata.initAll.str1.4
                0x10008390       0x40 main/CMakeFiles/main.dir/main.c.obj
 .rodata.__func__.0
                0x100083d0       0x15 main/CMakeFiles/main.dir/main.c.obj
 *fill*         0x100083e5        0x3 
 .rodata.spin_lock_claim_unused.str1.4
                0x100083e8       0x1b main/CMakeFiles/main.dir/C_/Program_Files/Raspberry_Pi/Pico_SDK_v1.5.1/pico-sdk/src/rp2_common/hardware_sync/sync.c.obj
 *fill*         0x10008403        0x1 
 .rodata.make_branch.str1.4
                0x10008404       0x89 main/CMakeFiles/main.dir/C_/Program_Files/Raspberry_Pi/Pico_SDK_v1.5.1/pico-sdk/src/rp2_common/hardware_irq/irq.c.obj
 *fill*         0x1000848d        0x3 
 .rodata.insert_branch_and_link.str1.4
                0x10008490       0x10 main/CMakeFiles/main.dir/C_/Program_Files/Raspberry_Pi/Pico_SDK_v1.5.1/pico-sdk/src/rp2_common/hardware_irq/irq.c.obj
 .rodata.irq_set_exclusive_handler.str1.4
                0x100084a0       0x36 main/CMakeFiles/main.dir/C_/Program_Files/Raspberry_Pi/Pico_SDK_v1.5.1/pico-sdk/src/rp2_common/hardware_irq/irq.c.obj
 *fill*         0x100084d6        0x2 
 .rodata.irq_add_shared_handler.str1.4
                0x100084d8       0xd9 main/CMakeFiles/main.dir/C_/Program_Files/Raspberry_Pi/Pico_SDK_v1.5.1/pico-sdk/src/rp2_common/hardware_irq/irq.c.obj
 *fill*         0x100085b1        0x3 
 .rodata.irq_remove_handler.str1.4
                0x100085b4       0x3a main/CMakeFiles/main.dir/C_/Program_Files/Raspberry_Pi/Pico_SDK_v1.5.1/pico-sdk/src/rp2_common/hardware_irq/irq.c.obj
 *fill*         0x100085ee        0x2 
 .rodata.irq_add_tail_to_free_list.str1.4
                0x100085f0       0x3a main/CMakeFiles/main.dir/C_/Program_Files/Raspberry_Pi/Pico_SDK_v1.5.1/pico-sdk/src/rp2_common/hardware_irq/irq.c.obj
 *fill*         0x1000862a        0x2 
 .rodata.user_irq_claim_unused.str1.4
                0x1000862c       0x1b main/CMakeFiles/main.dir/C_/Program_Files/Raspberry_Pi/Pico_SDK_v1.5.1/pico-sdk/src/rp2_common/hardware_irq/irq.c.obj
 *fill*         0x10008647        0x1 
 .rodata.__func__.0
                0x10008648       0x1a main/CMakeFiles/main.dir/C_/Program_Files/Raspberry_Pi/Pico_SDK_v1.5.1/pico-sdk/src/rp2_common/hardware_irq/irq.c.obj
 *fill*         0x10008662        0x2 
 .rodata.__func__.1
                0x10008664       0x17 main/CMakeFiles/main.dir/C_/Program_Files/Raspberry_Pi/Pico_SDK_v1.5.1/pico-sdk/src/rp2_common/hardware_irq/irq.c.obj
 *fill*         0x1000867b        0x1 
 .rodata.__func__.2
                0x1000867c       0x13 main/CMakeFiles/main.dir/C_/Program_Files/Raspberry_Pi/Pico_SDK_v1.5.1/pico-sdk/src/rp2_common/hardware_irq/irq.c.obj
 *fill*         0x1000868f        0x1 
 .rodata.__func__.3
                0x10008690        0xc main/CMakeFiles/main.dir/C_/Program_Files/Raspberry_Pi/Pico_SDK_v1.5.1/pico-sdk/src/rp2_common/hardware_irq/irq.c.obj
 .rodata.__func__.4
                0x1000869c        0xf main/CMakeFiles/main.dir/C_/Program_Files/Raspberry_Pi/Pico_SDK_v1.5.1/pico-sdk/src/rp2_common/hardware_irq/irq.c.obj
 *fill*         0x100086ab        0x1 
 .rodata.__func__.5
                0x100086ac       0x17 main/CMakeFiles/main.dir/C_/Program_Files/Raspberry_Pi/Pico_SDK_v1.5.1/pico-sdk/src/rp2_common/hardware_irq/irq.c.obj
 *fill*         0x100086c3        0x1 
 .rodata.__func__.6
                0x100086c4       0x1a main/CMakeFiles/main.dir/C_/Program_Files/Raspberry_Pi/Pico_SDK_v1.5.1/pico-sdk/src/rp2_common/hardware_irq/irq.c.obj
 *fill*         0x100086de        0x2 
 .rodata.str1.4
                0x100086e0       0xa5 main/CMakeFiles/main.dir/C_/Program_Files/Raspberry_Pi/Pico_SDK_v1.5.1/pico-sdk/src/common/pico_sync/mutex.c.obj
                                0x125 (size before relaxing)
 *fill*         0x10008785        0x3 
 .rodata.__func__.1
                0x10008788        0xb main/CMakeFiles/main.dir/C_/Program_Files/Raspberry_Pi/Pico_SDK_v1.5.1/pico-sdk/src/common/pico_sync/mutex.c.obj
 *fill*         0x10008793        0x1 
 .rodata.__func__.3
                0x10008794       0x18 main/CMakeFiles/main.dir/C_/Program_Files/Raspberry_Pi/Pico_SDK_v1.5.1/pico-sdk/src/common/pico_sync/mutex.c.obj
 .rodata.__func__.4
                0x100087ac       0x15 main/CMakeFiles/main.dir/C_/Program_Files/Raspberry_Pi/Pico_SDK_v1.5.1/pico-sdk/src/common/pico_sync/mutex.c.obj
 *fill*         0x100087c1        0x3 
 .rodata.repeating_timer_callback.str1.4
                0x100087c4       0x67 main/CMakeFiles/main.dir/C_/Program_Files/Raspberry_Pi/Pico_SDK_v1.5.1/pico-sdk/src/common/pico_time/time.c.obj
 *fill*         0x1000882b        0x1 
 .rodata.timer_pool_entry_comparator.str1.4
                0x1000882c       0x22 main/CMakeFiles/main.dir/C_/Program_Files/Raspberry_Pi/Pico_SDK_v1.5.1/pico-sdk/src/common/pico_time/time.c.obj
 *fill*         0x1000884e        0x2 
 .rodata.ph_add_child_node.str1.4
                0x10008850       0xb2 main/CMakeFiles/main.dir/C_/Program_Files/Raspberry_Pi/Pico_SDK_v1.5.1/pico-sdk/src/common/pico_time/time.c.obj
 *fill*         0x10008902        0x2 
 .rodata.add_alarm_under_lock.str1.4
                0x10008904       0x28 main/CMakeFiles/main.dir/C_/Program_Files/Raspberry_Pi/Pico_SDK_v1.5.1/pico-sdk/src/common/pico_time/time.c.obj
                                 0x2b (size before relaxing)
 .rodata.alarm_pool_alarm_callback.str1.4
                0x1000892c       0x98 main/CMakeFiles/main.dir/C_/Program_Files/Raspberry_Pi/Pico_SDK_v1.5.1/pico-sdk/src/common/pico_time/time.c.obj
                                0x118 (size before relaxing)
 .rodata.alarm_pool_get_default.str1.4
                0x100089c4       0x21 main/CMakeFiles/main.dir/C_/Program_Files/Raspberry_Pi/Pico_SDK_v1.5.1/pico-sdk/src/common/pico_time/time.c.obj
 *fill*         0x100089e5        0x3 
 .rodata.alarm_pool_cancel_alarm.str1.4
                0x100089e8       0x27 main/CMakeFiles/main.dir/C_/Program_Files/Raspberry_Pi/Pico_SDK_v1.5.1/pico-sdk/src/common/pico_time/time.c.obj
 *fill*         0x10008a0f        0x1 
 .rodata.sleep_until.str1.4
                0x10008a10       0x4d main/CMakeFiles/main.dir/C_/Program_Files/Raspberry_Pi/Pico_SDK_v1.5.1/pico-sdk/src/common/pico_time/time.c.obj
 *fill*         0x10008a5d        0x3 
 .rodata.__func__.1
                0x10008a60       0x18 main/CMakeFiles/main.dir/C_/Program_Files/Raspberry_Pi/Pico_SDK_v1.5.1/pico-sdk/src/common/pico_time/time.c.obj
 .rodata.__func__.10
                0x10008a78       0x15 main/CMakeFiles/main.dir/C_/Program_Files/Raspberry_Pi/Pico_SDK_v1.5.1/pico-sdk/src/common/pico_time/time.c.obj
 *fill*         0x10008a8d        0x3 
 .rodata.__func__.11
                0x10008a90       0x1a main/CMakeFiles/main.dir/C_/Program_Files/Raspberry_Pi/Pico_SDK_v1.5.1/pico-sdk/src/common/pico_time/time.c.obj
 *fill*         0x10008aaa        0x2 
 .rodata.__func__.12
                0x10008aac        0xa main/CMakeFiles/main.dir/C_/Program_Files/Raspberry_Pi/Pico_SDK_v1.5.1/pico-sdk/src/common/pico_time/time.c.obj
 *fill*         0x10008ab6        0x2 
 .rodata.__func__.3
                0x10008ab8       0x17 main/CMakeFiles/main.dir/C_/Program_Files/Raspberry_Pi/Pico_SDK_v1.5.1/pico-sdk/src/common/pico_time/time.c.obj
 *fill*         0x10008acf        0x1 
 .rodata.__func__.4
                0x10008ad0       0x12 main/CMakeFiles/main.dir/C_/Program_Files/Raspberry_Pi/Pico_SDK_v1.5.1/pico-sdk/src/common/pico_time/time.c.obj
 *fill*         0x10008ae2        0x2 
 .rodata.__func__.5
                0x10008ae4        0xd main/CMakeFiles/main.dir/C_/Program_Files/Raspberry_Pi/Pico_SDK_v1.5.1/pico-sdk/src/common/pico_time/time.c.obj
 *fill*         0x10008af1        0x3 
 .rodata.__func__.6
                0x10008af4       0x12 main/CMakeFiles/main.dir/C_/Program_Files/Raspberry_Pi/Pico_SDK_v1.5.1/pico-sdk/src/common/pico_time/time.c.obj
 *fill*         0x10008b06        0x2 
 .rodata.__func__.7
                0x10008b08        0xf main/CMakeFiles/main.dir/C_/Program_Files/Raspberry_Pi/Pico_SDK_v1.5.1/pico-sdk/src/common/pico_time/time.c.obj
 *fill*         0x10008b17        0x1 
 .rodata.__func__.8
                0x10008b18        0xc main/CMakeFiles/main.dir/C_/Program_Files/Raspberry_Pi/Pico_SDK_v1.5.1/pico-sdk/src/common/pico_time/time.c.obj
 .rodata.__func__.9
                0x10008b24       0x15 main/CMakeFiles/main.dir/C_/Program_Files/Raspberry_Pi/Pico_SDK_v1.5.1/pico-sdk/src/common/pico_time/time.c.obj
 *fill*         0x10008b39        0x7 
 .rodata.at_the_end_of_time
                0x10008b40        0x8 main/CMakeFiles/main.dir/C_/Program_Files/Raspberry_Pi/Pico_SDK_v1.5.1/pico-sdk/src/common/pico_time/time.c.obj
                0x10008b40                at_the_end_of_time
 .rodata.hardware_alarm_claim.str1.4
                0x10008b48       0x22 main/CMakeFiles/main.dir/C_/Program_Files/Raspberry_Pi/Pico_SDK_v1.5.1/pico-sdk/src/rp2_common/hardware_timer/timer.c.obj
 .rodata.busy_wait_us.str1.4
                0x10008b6a       0x7d main/CMakeFiles/main.dir/C_/Program_Files/Raspberry_Pi/Pico_SDK_v1.5.1/pico-sdk/src/rp2_common/hardware_timer/timer.c.obj
 *fill*         0x10008b6a        0x2 
 .rodata.hardware_alarm_set_target.str1.4
                0x10008b6c       0x81 main/CMakeFiles/main.dir/C_/Program_Files/Raspberry_Pi/Pico_SDK_v1.5.1/pico-sdk/src/rp2_common/hardware_timer/timer.c.obj
 *fill*         0x10008bed        0x3 
 .rodata.__func__.0
                0x10008bf0       0x1a main/CMakeFiles/main.dir/C_/Program_Files/Raspberry_Pi/Pico_SDK_v1.5.1/pico-sdk/src/rp2_common/hardware_timer/timer.c.obj
 *fill*         0x10008c0a        0x2 
 .rodata.__func__.1
                0x10008c0c       0x15 main/CMakeFiles/main.dir/C_/Program_Files/Raspberry_Pi/Pico_SDK_v1.5.1/pico-sdk/src/rp2_common/hardware_timer/timer.c.obj
 .rodata.ph_add_child_node.str1.4
                0x10008c21       0xb2 main/CMakeFiles/main.dir/C_/Program_Files/Raspberry_Pi/Pico_SDK_v1.5.1/pico-sdk/src/common/pico_util/pheap.c.obj
 *fill*         0x10008c21        0x3 
 .rodata.ph_remove_any_head.str1.4
                0x10008c24       0xa8 main/CMakeFiles/main.dir/C_/Program_Files/Raspberry_Pi/Pico_SDK_v1.5.1/pico-sdk/src/common/pico_util/pheap.c.obj
                                 0xbc (size before relaxing)
 .rodata.ph_remove_and_free_node.str1.4
                0x10008ccc       0x1e main/CMakeFiles/main.dir/C_/Program_Files/Raspberry_Pi/Pico_SDK_v1.5.1/pico-sdk/src/common/pico_util/pheap.c.obj
                                 0x26 (size before relaxing)
 *fill*         0x10008cea        0x2 
 .rodata.__func__.0
                0x10008cec       0x18 main/CMakeFiles/main.dir/C_/Program_Files/Raspberry_Pi/Pico_SDK_v1.5.1/pico-sdk/src/common/pico_util/pheap.c.obj
 .rodata.__func__.1
                0x10008d04       0x13 main/CMakeFiles/main.dir/C_/Program_Files/Raspberry_Pi/Pico_SDK_v1.5.1/pico-sdk/src/common/pico_util/pheap.c.obj
 *fill*         0x10008d17        0x1 
 .rodata.__func__.2
                0x10008d18       0x12 main/CMakeFiles/main.dir/C_/Program_Files/Raspberry_Pi/Pico_SDK_v1.5.1/pico-sdk/src/common/pico_util/pheap.c.obj
 *fill*         0x10008d2a        0x2 
 .rodata.__func__.3
                0x10008d2c        0xc main/CMakeFiles/main.dir/C_/Program_Files/Raspberry_Pi/Pico_SDK_v1.5.1/pico-sdk/src/common/pico_util/pheap.c.obj
 .rodata.clock_configure.str1.4
                0x10008d38       0x73 main/CMakeFiles/main.dir/C_/Program_Files/Raspberry_Pi/Pico_SDK_v1.5.1/pico-sdk/src/rp2_common/hardware_clocks/clocks.c.obj
 *fill*         0x10008dab        0x1 
 .rodata.__func__.1
                0x10008dac       0x10 main/CMakeFiles/main.dir/C_/Program_Files/Raspberry_Pi/Pico_SDK_v1.5.1/pico-sdk/src/rp2_common/hardware_clocks/clocks.c.obj
 .rodata.pll_init.str1.4
                0x10008dbc      0x140 main/CMakeFiles/main.dir/C_/Program_Files/Raspberry_Pi/Pico_SDK_v1.5.1/pico-sdk/src/rp2_common/hardware_pll/pll.c.obj
 .rodata.__func__.0
                0x10008efc        0x9 main/CMakeFiles/main.dir/C_/Program_Files/Raspberry_Pi/Pico_SDK_v1.5.1/pico-sdk/src/rp2_common/hardware_pll/pll.c.obj
 *fill*         0x10008f05        0x3 
 .rodata.__assert_func.str1.4
                0x10008f08       0x3f main/CMakeFiles/main.dir/C_/Program_Files/Raspberry_Pi/Pico_SDK_v1.5.1/pico-sdk/src/rp2_common/pico_runtime/runtime.c.obj
                                 0x43 (size before relaxing)
 *fill*         0x10008f47        0x1 
 .rodata.runtime_init.str1.4
                0x10008f48       0x7d main/CMakeFiles/main.dir/C_/Program_Files/Raspberry_Pi/Pico_SDK_v1.5.1/pico-sdk/src/rp2_common/pico_runtime/runtime.c.obj
 *fill*         0x10008fc5        0x3 
 .rodata.panic.str1.4
                0x10008fc8       0x10 main/CMakeFiles/main.dir/C_/Program_Files/Raspberry_Pi/Pico_SDK_v1.5.1/pico-sdk/src/rp2_common/pico_runtime/runtime.c.obj
                                 0x12 (size before relaxing)
 .rodata.__func__.2
                0x10008fd8        0xd main/CMakeFiles/main.dir/C_/Program_Files/Raspberry_Pi/Pico_SDK_v1.5.1/pico-sdk/src/rp2_common/pico_runtime/runtime.c.obj
 *fill*         0x10008fe5        0x3 
 .rodata._ftoa.str1.4
                0x10008fe8       0x15 main/CMakeFiles/main.dir/C_/Program_Files/Raspberry_Pi/Pico_SDK_v1.5.1/pico-sdk/src/rp2_common/pico_printf/printf.c.obj
 *fill*         0x10008ffd        0x3 
 .rodata._vsnprintf
                0x10009000      0x1e0 main/CMakeFiles/main.dir/C_/Program_Files/Raspberry_Pi/Pico_SDK_v1.5.1/pico-sdk/src/rp2_common/pico_printf/printf.c.obj
 .rodata.pow10.0
                0x100091e0       0x50 main/CMakeFiles/main.dir/C_/Program_Files/Raspberry_Pi/Pico_SDK_v1.5.1/pico-sdk/src/rp2_common/pico_printf/printf.c.obj
 .rodata.__aeabi_double_init.str1.4
                0x10009230       0xb8 main/CMakeFiles/main.dir/C_/Program_Files/Raspberry_Pi/Pico_SDK_v1.5.1/pico-sdk/src/rp2_common/pico_double/double_init_rom.c.obj
 .rodata.__func__.0
                0x100092e8       0x14 main/CMakeFiles/main.dir/C_/Program_Files/Raspberry_Pi/Pico_SDK_v1.5.1/pico-sdk/src/rp2_common/pico_double/double_init_rom.c.obj
 .rodata.__aeabi_float_init.str1.4
                0x100092fc       0x96 main/CMakeFiles/main.dir/C_/Program_Files/Raspberry_Pi/Pico_SDK_v1.5.1/pico-sdk/src/rp2_common/pico_float/float_init_rom.c.obj
                                 0x9a (size before relaxing)
 *fill*         0x10009392        0x2 
 .rodata.__func__.0
                0x10009394       0x13 main/CMakeFiles/main.dir/C_/Program_Files/Raspberry_Pi/Pico_SDK_v1.5.1/pico-sdk/src/rp2_common/pico_float/float_init_rom.c.obj
 *fill*         0x100093a7        0x1 
 .rodata.str1.4
                0x100093a8       0x3c main/CMakeFiles/main.dir/C_/Program_Files/Raspberry_Pi/Pico_SDK_v1.5.1/pico-sdk/src/rp2_common/pico_standard_link/binary_info.c.obj
 .rodata.__bi_44
                0x100093e4        0xc main/CMakeFiles/main.dir/C_/Program_Files/Raspberry_Pi/Pico_SDK_v1.5.1/pico-sdk/src/rp2_common/pico_standard_link/binary_info.c.obj
 .rodata.__bi_75
                0x100093f0        0xc main/CMakeFiles/main.dir/C_/Program_Files/Raspberry_Pi/Pico_SDK_v1.5.1/pico-sdk/src/rp2_common/pico_standard_link/binary_info.c.obj
 .rodata.__bi_81
                0x100093fc        0xc main/CMakeFiles/main.dir/C_/Program_Files/Raspberry_Pi/Pico_SDK_v1.5.1/pico-sdk/src/rp2_common/pico_standard_link/binary_info.c.obj
 .rodata.stdout_serialize_begin.str1.4
                0x10009408       0x7d main/CMakeFiles/main.dir/C_/Program_Files/Raspberry_Pi/Pico_SDK_v1.5.1/pico-sdk/src/rp2_common/pico_stdio/stdio.c.obj
 .rodata.__func__.3
                0x10009408       0x15 main/CMakeFiles/main.dir/C_/Program_Files/Raspberry_Pi/Pico_SDK_v1.5.1/pico-sdk/src/rp2_common/pico_stdio/stdio.c.obj
 *fill*         0x1000941d        0x3 
 .rodata.crlf_str.2